Component: ARM Compiler 5.05 update 1 (build 106) Tool: armlink [4d0efa]

==============================================================================

Section Cross References

    main.o(i.Exit_PA0_Init) refers to stm32f4xx_rcc.o(i.RCC_AHB1PeriphClockCmd) for RCC_AHB1PeriphClockCmd
    main.o(i.Exit_PA0_Init) refers to stm32f4xx_gpio.o(i.GPIO_Init) for GPIO_Init
    main.o(i.Exit_PE2_PE3_PE4_Init) refers to stm32f4xx_rcc.o(i.RCC_AHB1PeriphClockCmd) for RCC_AHB1PeriphClockCmd
    main.o(i.Exit_PE2_PE3_PE4_Init) refers to stm32f4xx_gpio.o(i.GPIO_Init) for GPIO_Init
    main.o(i.Led_Init) refers to stm32f4xx_rcc.o(i.RCC_AHB1PeriphClockCmd) for RCC_AHB1PeriphClockCmd
    main.o(i.Led_Init) refers to stm32f4xx_gpio.o(i.GPIO_Init) for GPIO_Init
    main.o(i.Led_Init) refers to stm32f4xx_gpio.o(i.GPIO_SetBits) for GPIO_SetBits
    main.o(i.Server_180_Angle) refers to stm32f4xx_tim.o(i.TIM_SetCompare1) for TIM_SetCompare1
    main.o(i.Server_180_Angle) refers to main.o(i.sr04_oled_tire) for sr04_oled_tire
    main.o(i.Server_180_Angle) refers to delay.o(i.delay_s) for delay_s
    main.o(i.main) refers to _printf_percent.o(.ARM.Collect$$_printf_percent$$00000000) for _printf_percent
    main.o(i.main) refers to _printf_d.o(.ARM.Collect$$_printf_percent$$00000009) for _printf_d
    main.o(i.main) refers to _printf_dec.o(.text) for _printf_int_dec
    main.o(i.main) refers to delay.o(i.delay_init) for delay_init
    main.o(i.main) refers to main.o(i.Led_Init) for Led_Init
    main.o(i.main) refers to usart.o(i.usart1_init) for usart1_init
    main.o(i.main) refers to iic.o(i.iic_init) for iic_init
    main.o(i.main) refers to oled.o(i.OLED_Init) for OLED_Init
    main.o(i.main) refers to oled.o(i.OLED_Clear) for OLED_Clear
    main.o(i.main) refers to noretval__2printf.o(.text) for __2printf
    main.o(i.main) refers to sr04.o(i.Sr04_Init) for Sr04_Init
    main.o(i.main) refers to main.o(i.Exit_PA0_Init) for Exit_PA0_Init
    main.o(i.main) refers to main.o(i.Exit_PE2_PE3_PE4_Init) for Exit_PE2_PE3_PE4_Init
    main.o(i.main) refers to pwm.o(i.Pwm_Steering_TIM9_CH1_PE5_Init) for Pwm_Steering_TIM9_CH1_PE5_Init
    main.o(i.main) refers to fan.o(i.Fan_PWM_Init) for Fan_PWM_Init
    main.o(i.main) refers to tire.o(i.Press_ADC_Init) for Press_ADC_Init
    main.o(i.main) refers to esp8266.o(i.esp8266_init) for esp8266_init
    main.o(i.main) refers to delay.o(i.delay_ms) for delay_ms
    main.o(i.main) refers to misc.o(i.NVIC_PriorityGroupConfig) for NVIC_PriorityGroupConfig
    main.o(i.main) refers to rt_memclr_w.o(.text) for __aeabi_memclr4
    main.o(i.main) refers to stm32f4xx_gpio.o(i.GPIO_ReadInputDataBit) for GPIO_ReadInputDataBit
    main.o(i.main) refers to main.o(i.net_init) for net_init
    main.o(i.main) refers to main.o(i.net_connect_server) for net_connect_server
    main.o(i.main) refers to stm32f4xx_gpio.o(i.GPIO_ResetBits) for GPIO_ResetBits
    main.o(i.main) refers to stm32f4xx_gpio.o(i.GPIO_SetBits) for GPIO_SetBits
    main.o(i.main) refers to dht11.o(i.Dht11_ReadData) for Dht11_ReadData
    main.o(i.main) refers to main.o(i.Server_180_Angle) for Server_180_Angle
    main.o(i.main) refers to stm32f4xx_tim.o(i.TIM_SetCompare1) for TIM_SetCompare1
    main.o(i.main) refers to main.o(i.net_disconnect_server) for net_disconnect_server
    main.o(i.main) refers to esp8266.o(i.esp8266_disconnect_ap) for esp8266_disconnect_ap
    main.o(i.main) refers to noretval__2sprintf.o(.text) for __2sprintf
    main.o(i.main) refers to esp8266.o(i.esp8266_send_str) for esp8266_send_str
    main.o(i.main) refers to fan.o(i.Fan_SetDuty) for Fan_SetDuty
    main.o(i.main) refers to main.o(.data) for .data
    main.o(i.net_connect_server) refers to esp8266.o(i.esp8266_send_str) for esp8266_send_str
    main.o(i.net_connect_server) refers to esp8266.o(i.esp8266_find_str_in_rx_packet) for esp8266_find_str_in_rx_packet
    main.o(i.net_connect_server) refers to esp8266.o(i.esp8266_entry_transparent_transmission) for esp8266_entry_transparent_transmission
    main.o(i.net_disconnect_server) refers to esp8266.o(i.esp8266_exit_transparent_transmission) for esp8266_exit_transparent_transmission
    main.o(i.net_disconnect_server) refers to esp8266.o(i.esp8266_disconnect_server) for esp8266_disconnect_server
    main.o(i.net_init) refers to _printf_percent.o(.ARM.Collect$$_printf_percent$$00000000) for _printf_percent
    main.o(i.net_init) refers to _printf_s.o(.ARM.Collect$$_printf_percent$$00000014) for _printf_s
    main.o(i.net_init) refers to _printf_str.o(.text) for _printf_str
    main.o(i.net_init) refers to esp8266.o(i.esp8266_exit_transparent_transmission) for esp8266_exit_transparent_transmission
    main.o(i.net_init) refers to esp8266.o(i.esp8266_self_test) for esp8266_self_test
    main.o(i.net_init) refers to noretval__2printf.o(.text) for __2printf
    main.o(i.net_init) refers to esp8266.o(i.esp8266_connect_ap) for esp8266_connect_ap
[...]
    RTE\\Device\\STM32F407ZE\\system_stm32f4xx.c 0x00000000   Number         0  system_stm32f4xx.o ABSOLUTE
    System\\delay.c                          0x00000000   Number         0  delay.o ABSOLUTE
    System\delay.c                           0x00000000   Number         0  delay.o ABSOLUTE
    dc.s                                     0x00000000   Number         0  dc.o ABSOLUTE
    main.c                                   0x00000000   Number         0  main.o ABSOLUTE
    main.c                                   0x00000000   Number         0  main.o ABSOLUTE
    RESET                                    0x08000000   Section      392  startup_stm32f40_41xxx.o(RESET)
    !!!main                                  0x08000188   Section        8  __main.o(!!!main)
    !!!scatter                               0x08000190   Section       52  __scatter.o(!!!scatter)
    !!handler_copy                           0x080001c4   Section       26  __scatter_copy.o(!!handler_copy)
    !!handler_zi                             0x080001e0   Section       28  __scatter_zi.o(!!handler_zi)
    .ARM.Collect$$_printf_percent$$00000000  0x080001fc   Section        0  _printf_percent.o(.ARM.Collect$$_printf_percent$$00000000)
    .ARM.Collect$$_printf_percent$$00000003  0x080001fc   Section        6  _printf_f.o(.ARM.Collect$$_printf_percent$$00000003)
    .ARM.Collect$$_printf_percent$$00000009  0x08000202   Section        6  _printf_d.o(.ARM.Collect$$_printf_percent$$00000009)
    .ARM.Collect$$_printf_percent$$00000014  0x08000208   Section        6  _printf_s.o(.ARM.Collect$$_printf_percent$$00000014)
    .ARM.Collect$$_printf_percent$$00000017  0x0800020e   Section        4  _printf_percent_end.o(.ARM.Collect$$_printf_percent$$00000017)
    .ARM.Collect$$libinit$$00000000          0x08000212   Section        2  libinit.o(.ARM.Collect$$libinit$$00000000)
    .ARM.Collect$$libinit$$00000001          0x08000214   Section        4  libinit2.o(.ARM.Collect$$libinit$$00000001)
    .ARM.Collect$$libinit$$00000004          0x08000218   Section        0  libinit2.o(.ARM.Collect$$libinit$$00000004)
    .ARM.Collect$$libinit$$0000000A          0x08000218   Section        0  libinit2.o(.ARM.Collect$$libinit$$0000000A)
    .ARM.Collect$$libinit$$0000000C          0x08000218   Section        0  libinit2.o(.ARM.Collect$$libinit$$0000000C)
    .ARM.Collect$$libinit$$0000000E          0x08000218   Section        0  libinit2.o(.ARM.Collect$$libinit$$0000000E)
    .ARM.Collect$$libinit$$0000000F          0x08000218   Section        6  libinit2.o(.ARM.Collect$$libinit$$0000000F)
    .ARM.Collect$$libinit$$00000011          0x0800021e   Section        0  libinit2.o(.ARM.Collect$$libinit$$00000011)
    .ARM.Collect$$libinit$$00000013          0x0800021e   Section        0  libinit2.o(.ARM.Collect$$libinit$$00000013)
    .ARM.Collect$$libinit$$00000015          0x0800021e   Section        0  libinit2.o(.ARM.Collect$$libinit$$00000015)
    .ARM.Collect$$libinit$$00000016          0x0800021e   Section       10  libinit2.o(.ARM.Collect$$libinit$$00000016)
    .ARM.Collect$$libinit$$00000017          0x08000228   Section        0  libinit2.o(.ARM.Collect$$libinit$$00000017)
    .ARM.Collect$$libinit$$00000019          0x08000228   Section        0  libinit2.o(.ARM.Collect$$libinit$$00000019)
    .ARM.Collect$$libinit$$0000001B          0x08000228   Section        0  libinit2.o(.ARM.Collect$$libinit$$0000001B)
    .ARM.Collect$$libinit$$0000001D          0x08000228   Section        0  libinit2.o(.ARM.Collect$$libinit$$0000001D)
    .ARM.Collect$$libinit$$0000001F          0x08000228   Section        0  libinit2.o(.ARM.Collect$$libinit$$0000001F)
    .ARM.Collect$$libinit$$00000021          0x08000228   Section        0  libinit2.o(.ARM.Collect$$libinit$$00000021)
    .ARM.Collect$$libinit$$00000023          0x08000228   Section        0  libinit2.o(.ARM.Collect$$libinit$$00000023)
    .ARM.Collect$$libinit$$00000025          0x08000228   Section        0  libinit2.o(.ARM.Collect$$libinit$$00000025)
    .ARM.Collect$$libinit$$0000002C          0x08000228   Section        0  libinit2.o(.ARM.Collect$$libinit$$0000002C)
    .ARM.Collect$$libinit$$0000002E          0x08000228   Section        0  libinit2.o(.ARM.Collect$$libinit$$0000002E)
    .ARM.Collect$$libinit$$00000030          0x08000228   Section        0  libinit2.o(.ARM.Collect$$libinit$$00000030)
    .ARM.Collect$$libinit$$00000032          0x08000228   Section        0  libinit2.o(.ARM.Collect$$libinit$$00000032)
    .ARM.Collect$$libinit$$00000033          0x08000228   Section        2  libinit2.o(.ARM.Collect$$libinit$$00000033)
    .ARM.Collect$$libshutdown$$00000000      0x0800022a   Section        2  libshutdown.o(.ARM.Collect$$libshutdown$$00000000)
    .ARM.Collect$$libshutdown$$00000003      0x0800022c   Section        0  libshutdown2.o(.ARM.Collect$$libshutdown$$00000003)
    .ARM.Collect$$libshutdown$$00000006      0x0800022c   Section        0  libshutdown2.o(.ARM.Collect$$libshutdown$$00000006)
    .ARM.Collect$$libshutdown$$00000009      0x0800022c   Section        0  libshutdown2.o(.ARM.Collect$$libshutdown$$00000009)
    .ARM.Collect$$libshutdown$$0000000B      0x0800022c   Section        0  libshutdown2.o(.ARM.Collect$$libshutdown$$0000000B)
    .ARM.Collect$$libshutdown$$0000000E      0x0800022c   Section        0  libshutdown2.o(.ARM.Collect$$libshutdown$$0000000E)
    .ARM.Collect$$libshutdown$$0000000F      0x0800022c   Section        2  libshutdown2.o(.ARM.Collect$$libshutdown$$0000000F)
    .ARM.Collect$$rtentry$$00000000          0x0800022e   Section        0  __rtentry.o(.ARM.Collect$$rtentry$$00000000)
    .ARM.Collect$$rtentry$$00000002          0x0800022e   Section        0  __rtentry2.o(.ARM.Collect$$rtentry$$00000002)
    .ARM.Collect$$rtentry$$00000004          0x0800022e   Section        6  __rtentry4.o(.ARM.Collect$$rtentry$$00000004)
    .ARM.Collect$$rtentry$$00000009          0x08000234   Section        0  __rtentry2.o(.ARM.Collect$$rtentry$$00000009)
    .ARM.Collect$$rtentry$$0000000A          0x08000234   Section        4  __rtentry2.o(.ARM.Collect$$rtentry$$0000000A)
    .ARM.Collect$$rtentry$$0000000C          0x08000238   Section        0  __rtentry2.o(.ARM.Collect$$rtentry$$0000000C)
    .ARM.Collect$$rtentry$$0000000D          0x08000238   Section        8  __rtentry2.o(.ARM.Collect$$rtentry$$0000000D)
    .ARM.Collect$$rtexit$$00000000           0x08000240   Section        2  rtexit.o(.ARM.Collect$$rtexit$$00000000)
    .ARM.Collect$$rtexit$$00000002           0x08000242   Section        0  rtexit2.o(.ARM.Collect$$rtexit$$00000002)
    .ARM.Collect$$rtexit$$00000003           0x08000242   Section        4  rtexit2.o(.ARM.Collect$$rtexit$$00000003)
    .ARM.Collect$$rtexit$$00000004           0x08000246   Section        6  rtexit2.o(.ARM.Collect$$rtexit$$00000004)
    .text                                    0x0800024c   Section       64  startup_stm32f40_41xxx.o(.text)
    $v0                                      0x0800024c   Number         0  startup_stm32f40_41xxx.o(.text)
    .text                                    0x0800028c   Section        2  use_no_semi.o(.text)
    .text                                    0x08000290   Section        0  noretval__2printf.o(.text)
    .text                                    0x080002a8   Section        0  noretval__2sprintf.o(.text)
    .text                                    0x080002d0   Section        0  _printf_str.o(.text)
    .text                                    0x08000324   Section        0  _printf_dec.o(.text)
    .text                                    0x0800039c   Section        0  __printf_wp.o(.text)
    .text                                    0x080004aa   Section        0  strstr.o(.text)
    .text                                    0x080004ce   Section        0  strlen.o(.text)
    .text                                    0x0800050c   Section       68  rt_memclr.o(.text)
    .text                                    0x08000550   Section       78  rt_memclr_w.o(.text)
    .text                                    0x0800059e   Section        0  heapauxi.o(.text)
    .text                                    0x080005a4   Section        0  _printf_intcommon.o(.text)
    .text                                    0x08000656   Section        0  _printf_fp_dec.o(.text)
    _fp_digits                               0x08000659   Thumb Code   428  _printf_fp_dec.o(.text)
    .text                                    0x08000a70   Section        0  _printf_char_common.o(.text)
    _printf_input_char                       0x08000a71   Thumb Code    10  _printf_char_common.o(.text)
    .text                                    0x08000aa0   Section        0  _sputc.o(.text)
    .text                                    0x08000aaa   Section        0  _printf_char.o(.text)
    .text                                    0x08000ad8   Section        0  _printf_char_file.o(.text)
    .text                                    0x08000afc   Section        8  rt_locale_intlibspace.o(.text)
    .text                                    0x08000b04   Section      138  lludiv10.o(.text)
    .text                                    0x08000b90   Section        0  _printf_fp_infnan.o(.text)
    .text                                    0x08000c10   Section        0  bigflt0.o(.text)
    .text                                    0x08000cec   Section        0  ferror.o(.text)
    .text                                    0x08000cf4   Section        8  libspace.o(.text)
    .text                                    0x08000cfc   Section       74  sys_stackheap_outer.o(.text)
    .text                                    0x08000d46   Section        0  exit.o(.text)
    .text                                    0x08000d54   Section      128  strcmpv7m.o(.text)
    CL$$btod_d2e                             0x08000dd4   Section       62  btod.o(CL$$btod_d2e)
    CL$$btod_d2e_denorm_low                  0x08000e12   Section       70  btod.o(CL$$btod_d2e_denorm_low)
    CL$$btod_d2e_norm_op1                    0x08000e58   Section       96  btod.o(CL$$btod_d2e_norm_op1)
    CL$$btod_div_common                      0x08000eb8   Section      824  btod.o(CL$$btod_div_common)
    CL$$btod_e2e                             0x080011f0   Section      198  btod.o(CL$$btod_e2e)
    CL$$btod_ediv                            0x080012b6   Section       40  btod.o(CL$$btod_ediv)
    CL$$btod_emul                            0x080012de   Section       40  btod.o(CL$$btod_emul)
    CL$$btod_mult_common                     0x08001306   Section      580  btod.o(CL$$btod_mult_common)
    i.ADC_Cmd                                0x0800154a   Section        0  stm32f4xx_adc.o(i.ADC_Cmd)
    i.ADC_CommonInit                         0x08001560   Section        0  stm32f4xx_adc.o(i.ADC_CommonInit)
    i.ADC_GetConversionValue                 0x0800158c   Section        0  stm32f4xx_adc.o(i.ADC_GetConversionValue)
    i.ADC_GetFlagStatus                      0x08001592   Section        0  stm32f4xx_adc.o(i.ADC_GetFlagStatus)
    i.ADC_Init                               0x080015a0   Section        0  stm32f4xx_adc.o(i.ADC_Init)
    i.ADC_RegularChannelConfig               0x080015ec   Section        0  stm32f4xx_adc.o(i.ADC_RegularChannelConfig)
    i.ADC_SoftwareStartConv                  0x08001660   Section        0  stm32f4xx_adc.o(i.ADC_SoftwareStartConv)
    i.Dht11_GetByte                          0x0800166c   Section        0  dht11.o(i.Dht11_GetByte)
    i.Dht11_Pin_SetMode                      0x080016e0   Section        0  dht11.o(i.Dht11_Pin_SetMode)
    i.Dht11_ReadData                         0x08001728   Section        0  dht11.o(i.Dht11_ReadData)
    i.Dht11_Start                            0x08001760   Section        0  dht11.o(i.Dht11_Start)
    i.Exit_PA0_Init                          0x080017f0   Section        0  main.o(i.Exit_PA0_Init)
    i.Exit_PE2_PE3_PE4_Init                  0x08001820   Section        0  main.o(i.Exit_PE2_PE3_PE4_Init)
    i.Fan_PWM_Init                           0x08001850   Section        0  fan.o(i.Fan_PWM_Init)
    i.Fan_SetDuty                            0x080018f4   Section        0  fan.o(i.Fan_SetDuty)
    i.GPIO_Init                              0x0800190c   Section        0  stm32f4xx_gpio.o(i.GPIO_Init)
    i.GPIO_PinAFConfig                       0x08001984   Section        0  stm32f4xx_gpio.o(i.GPIO_PinAFConfig)
    i.GPIO_ReadInputDataBit                  0x080019a4   Section        0  stm32f4xx_gpio.o(i.GPIO_ReadInputDataBit)
    i.GPIO_ResetBits                         0x080019b2   Section        0  stm32f4xx_gpio.o(i.GPIO_ResetBits)
    i.GPIO_SetBits                           0x080019b6   Section        0  stm32f4xx_gpio.o(i.GPIO_SetBits)
    i.Get_Sr04_Value                         0x080019bc   Section        0  sr04.o(i.Get_Sr04_Value)
    i.Led_Init                               0x08001a74   Section        0  main.o(i.Led_Init)
    i.NVIC_Init                              0x08001ae8   Section        0  misc.o(i.NVIC_Init)
    i.NVIC_PriorityGroupConfig               0x08001b4c   Section        0  misc.o(i.NVIC_PriorityGroupConfig)
    i.OLED_Clear                             0x08001b60   Section        0  oled.o(i.OLED_Clear)
    i.OLED_Init                              0x08001b9a   Section        0  oled.o(i.OLED_Init)
    i.OLED_Set_Pos                           0x08001c82   Section        0  oled.o(i.OLED_Set_Pos)
    i.OLED_ShowCHinese                       0x08001cac   Section        0  oled.o(i.OLED_ShowCHinese)
    i.OLED_ShowChar                          0x08001d0c   Section        0  oled.o(i.OLED_ShowChar)
    i.OLED_ShowNum                           0x08001d94   Section        0  oled.o(i.OLED_ShowNum)
    i.OLED_ShowTest                          0x08001dfe   Section        0  oled.o(i.OLED_ShowTest)
    i.OLED_WR_Byte                           0x08001e6c   Section        0  oled.o(i.OLED_WR_Byte)
    i.Press_ADC_Init                         0x08001e78   Section        0  tire.o(i.Press_ADC_Init)
    i.Press_ADC_ReadRaw                      0x08001ef4   Section        0  tire.o(i.Press_ADC_ReadRaw)
    i.Press_GetTirePressure                  0x08001f18   Section        0  tire.o(i.Press_GetTirePressure)
    i.Press_GetVoltage                       0x08001f60   Section        0  tire.o(i.Press_GetVoltage)
    i.Pwm_Steering_TIM9_CH1_PE5_Init         0x08001f88   Section        0  pwm.o(i.Pwm_Steering_TIM9_CH1_PE5_Init)
    i.RCC_AHB1PeriphClockCmd                 0x0800201c   Section        0  stm32f4xx_rcc.o(i.RCC_AHB1PeriphClockCmd)
    i.RCC_APB1PeriphClockCmd                 0x08002034   Section        0  stm32f4xx_rcc.o(i.RCC_APB1PeriphClockCmd)
    i.RCC_APB2PeriphClockCmd                 0x0800204c   Section        0  stm32f4xx_rcc.o(i.RCC_APB2PeriphClockCmd)
    i.RCC_GetClocksFreq                      0x08002064   Section        0  stm32f4xx_rcc.o(i.RCC_GetClocksFreq)
    i.Server_180_Angle                       0x080020f4   Section        0  main.o(i.Server_180_Angle)
    i.SetSysClock                            0x08002150   Section        0  system_stm32f4xx.o(i.SetSysClock)
    SetSysClock                              0x08002151   Thumb Code   162  system_stm32f4xx.o(i.SetSysClock)
    i.Sr04_Init                              0x08002204   Section        0  sr04.o(i.Sr04_Init)
    i.SysTick_CLKSourceConfig                0x08002280   Section        0  misc.o(i.SysTick_CLKSourceConfig)
    i.SystemInit                             0x08002298   Section        0  system_stm32f4xx.o(i.SystemInit)
    i.TIM3_IRQHandler                        0x080022f4   Section        0  tim.o(i.TIM3_IRQHandler)
    i.TIM_ARRPreloadConfig                   0x08002344   Section        0  stm32f4xx_tim.o(i.TIM_ARRPreloadConfig)
    i.TIM_ClearITPendingBit                  0x08002358   Section        0  stm32f4xx_tim.o(i.TIM_ClearITPendingBit)
    i.TIM_Cmd                                0x0800235e   Section        0  stm32f4xx_tim.o(i.TIM_Cmd)
    i.TIM_GetITStatus                        0x08002372   Section        0  stm32f4xx_tim.o(i.TIM_GetITStatus)
    i.TIM_ITConfig                           0x0800238a   Section        0  stm32f4xx_tim.o(i.TIM_ITConfig)
    i.TIM_OC1Init                            0x0800239c   Section        0  stm32f4xx_tim.o(i.TIM_OC1Init)
    i.TIM_OC1PreloadConfig                   0x080023fc   Section        0  stm32f4xx_tim.o(i.TIM_OC1PreloadConfig)
    i.TIM_SetCompare1                        0x08002408   Section        0  stm32f4xx_tim.o(i.TIM_SetCompare1)
    i.TIM_TimeBaseInit                       0x0800240c   Section        0  stm32f4xx_tim.o(i.TIM_TimeBaseInit)
    i.USART1_IRQHandler                      0x08002488   Section        0  usart.o(i.USART1_IRQHandler)
    i.USART3_IRQHandler                      0x080024d0   Section        0  usart.o(i.USART3_IRQHandler)
    i.USART_ClearITPendingBit                0x08002540   Section        0  stm32f4xx_usart.o(i.USART_ClearITPendingBit)
    i.USART_Cmd                              0x0800254c   Section        0  stm32f4xx_usart.o(i.USART_Cmd)
    i.USART_GetFlagStatus                    0x08002560   Section        0  stm32f4xx_usart.o(i.USART_GetFlagStatus)
    i.USART_GetITStatus                      0x0800256e   Section        0  stm32f4xx_usart.o(i.USART_GetITStatus)
    i.USART_ITConfig                         0x080025ac   Section        0  stm32f4xx_usart.o(i.USART_ITConfig)
    i.USART_Init                             0x080025dc   Section        0  stm32f4xx_usart.o(i.USART_Init)
    i.USART_ReceiveData                      0x08002688   Section        0  stm32f4xx_usart.o(i.USART_ReceiveData)
    i.USART_SendData                         0x08002690   Section        0  stm32f4xx_usart.o(i.USART_SendData)
    i.Write_IIC_Command                      0x08002698   Section        0  oled.o(i.Write_IIC_Command)
    i.Write_IIC_Data                         0x080026c6   Section        0  oled.o(i.Write_IIC_Data)
    i.__ARM_fpclassify                       0x080026f4   Section        0  fpclassify.o(i.__ARM_fpclassify)
    i._is_digit                              0x08002724   Section        0  __printf_wp.o(i._is_digit)
    i._sys_exit                              0x08002732   Section        0  usart.o(i._sys_exit)
    i.delay_init                             0x08002734   Section        0  delay.o(i.delay_init)
    i.delay_ms                               0x08002758   Section        0  delay.o(i.delay_ms)
    i.delay_s                                0x08002794   Section        0  delay.o(i.delay_s)
    i.delay_us                               0x080027b0   Section        0  delay.o(i.delay_us)
    i.esp8266_connect_ap                     0x080027ec   Section        0  esp8266.o(i.esp8266_connect_ap)
    i.esp8266_disconnect_ap                  0x08002890   Section        0  esp8266.o(i.esp8266_disconnect_ap)
    i.esp8266_disconnect_server              0x080028bc   Section        0  esp8266.o(i.esp8266_disconnect_server)
    i.esp8266_entry_transparent_transmission 0x080028ec   Section        0  esp8266.o(i.esp8266_entry_transparent_transmission)
    i.esp8266_exit_transparent_transmission  0x08002958   Section        0  esp8266.o(i.esp8266_exit_transparent_transmission)
    i.esp8266_find_str_in_rx_packet          0x0800298c   Section        0  esp8266.o(i.esp8266_find_str_in_rx_packet)
    i.esp8266_init                           0x080029d4   Section        0  esp8266.o(i.esp8266_init)
    i.esp8266_self_test                      0x080029e8   Section        0  esp8266.o(i.esp8266_self_test)
    i.esp8266_send_at                        0x08002a0c   Section        0  esp8266.o(i.esp8266_send_at)
    i.esp8266_send_str                       0x08002a34   Section        0  esp8266.o(i.esp8266_send_str)
    i.fputc                                  0x08002a5c   Section        0  usart.o(i.fputc)
    i.get_chinese_index                      0x08002a80   Section        0  oled.o(i.get_chinese_index)
    i.iic_init                               0x08002ab4   Section        0  iic.o(i.iic_init)
    i.iic_recv_ack                           0x08002afc   Section        0  iic.o(i.iic_recv_ack)
    i.iic_sda_mode                           0x08002b38   Section        0  iic.o(i.iic_sda_mode)
    i.iic_send_byte                          0x08002b68   Section        0  iic.o(i.iic_send_byte)
    i.iic_start                              0x08002bbc   Section        0  iic.o(i.iic_start)
    i.iic_stop                               0x08002bec   Section        0  iic.o(i.iic_stop)
    i.is_chinese_char_gb2312                 0x08002c1c   Section        0  oled.o(i.is_chinese_char_gb2312)
    i.is_english_char                        0x08002c34   Section        0  oled.o(i.is_english_char)
    i.main                                   0x08002c40   Section        0  main.o(i.main)
    i.net_connect_server                     0x08002fe0   Section        0  main.o(i.net_connect_server)
    i.net_disconnect_server                  0x08003030   Section        0  main.o(i.net_disconnect_server)
    i.net_init                               0x08003040   Section        0  main.o(i.net_init)
    i.oled_pow                               0x0800311c   Section        0  oled.o(i.oled_pow)
    i.sr04_oled_tire                         0x0800312c   Section        0  main.o(i.sr04_oled_tire)
    i.tim3_init                              0x08003354   Section        0  tim.o(i.tim3_init)
    i.usart1_init                            0x080033b4   Section        0  usart.o(i.usart1_init)
    i.usart3_init                            0x08003450   Section        0  usart.o(i.usart3_init)
    i.usart3_send_str                        0x080034ec   Section        0  usart.o(i.usart3_send_str)
    locale$$code                             0x08003514   Section       44  lc_numeric_c.o(locale$$code)
    x$fpl$dretinf                            0x08003540   Section       12  dretinf.o(x$fpl$dretinf)
    $v0                                      0x08003540   Number         0  dretinf.o(x$fpl$dretinf)
    x$fpl$f2d                                0x0800354c   Section       86  f2d.o(x$fpl$f2d)
    $v0                                      0x0800354c   Number         0  f2d.o(x$fpl$f2d)
    x$fpl$fnaninf                            0x080035a2   Section      140  fnaninf.o(x$fpl$fnaninf)
    $v0                                      0x080035a2   Number         0  fnaninf.o(x$fpl$fnaninf)
    x$fpl$fpinit                             0x0800362e   Section       10  fpinit.o(x$fpl$fpinit)
    $v0                                      0x0800362e   Number         0  fpinit.o(x$fpl$fpinit)
    x$fpl$printf1                            0x08003638   Section        4  printf1.o(x$fpl$printf1)
    $v0                                      0x08003638   Number         0  printf1.o(x$fpl$printf1)
    .constdata                               0x0800363c   Section     2072  oled.o(.constdata)
    x$fpl$usenofp                            0x0800363c   Section        0  usenofp.o(x$fpl$usenofp)
    .constdata                               0x08003e54   Section      148  bigflt0.o(.constdata)
    tenpwrs_x                                0x08003e54   Data          60  bigflt0.o(.constdata)
    tenpwrs_i                                0x08003e90   Data          64  bigflt0.o(.constdata)
    locale$$data                             0x08003f08   Section       28  lc_numeric_c.o(locale$$data)
    __lcnum_c_name                           0x08003f0c   Data           2  lc_numeric_c.o(locale$$data)
    __lcnum_c_start                          0x08003f14   Data           0  lc_numeric_c.o(locale$$data)
    __lcnum_c_point                          0x08003f20   Data           0  lc_numeric_c.o(locale$$data)
    __lcnum_c_thousands                      0x08003f22   Data           0  lc_numeric_c.o(locale$$data)
    __lcnum_c_grouping                       0x08003f23   Data           0  lc_numeric_c.o(locale$$data)
    __lcnum_c_end                            0x08003f24   Data           0  lc_numeric_c.o(locale$$data)
    .data                                    0x20000000   Section        5  main.o(.data)
    .data                                    0x20000008   Section        8  delay.o(.data)
    .data                                    0x20000010   Section      136  oled.o(.data)
    .data                                    0x20000098   Section       12  usart.o(.data)
    NVIC_InitStructure                       0x20000098   Data           4  usart.o(.data)
    GPIO_InitStructure                       0x2000009c   Data           8  usart.o(.data)
    .data                                    0x200000a4   Section        4  usart.o(.data)
    .data                                    0x200000a8   Section       12  esp8266.o(.data)
    .data                                    0x200000b4   Section        8  tim.o(.data)
    cnt                                      0x200000b4   Data           4  tim.o(.data)
    NVIC_InitStructure                       0x200000b8   Data           4  tim.o(.data)
    .data                                    0x200000bc   Section       16  stm32f4xx_rcc.o(.data)
    APBAHBPrescTable                         0x200000bc   Data          16  stm32f4xx_rcc.o(.data)
    .bss                                     0x200000cc   Section       16  usart.o(.bss)
    USART_InitStructure                      0x200000cc   Data          16  usart.o(.bss)
    .bss                                     0x200000dc   Section     4096  esp8266.o(.bss)
    .bss                                     0x200010dc   Section       12  tim.o(.bss)
    TIM_TimeBaseStructure                    0x200010dc   Data          12  tim.o(.bss)
    .bss                                     0x200010e8   Section       96  libspace.o(.bss)
    HEAP                                     0x20001148   Section      512  startup_stm32f40_41xxx.o(HEAP)
    Heap_Mem                                 0x20001148   Data         512  startup_stm32f40_41xxx.o(HEAP)
    STACK                                    0x20001348   Section     1024  startup_stm32f40_41xxx.o(STACK)
    Stack_Mem                                0x20001348   Data        1024  startup_stm32f40_41xxx.o(STACK)
    __initial_sp                             0x20001748   Data           0  startup_stm32f40_41xxx.o(STACK)

    Global Symbols

    Symbol Name                              Value     Ov Type        Size  Object(Section)

    BuildAttributes$$THM_ISAv4$E$P$D$K$B$S$7EM$VFPi3$EXTD16$VFPS$VFMA$PE$A:L22UL41UL21$X:L11$S22US41US21$IEEE1$IW$USESV6$~STKCKD$USESV7$~SHL$OTIME$ROPI$IEEEJ$EBA8$UX$STANDARDLIB$REQ8$PRES8$EABIv2 0x00000000   Number         0  anon$$obj.o ABSOLUTE
    __ARM_use_no_argv                        0x00000000   Number         0  main.o ABSOLUTE
    _printf_flags                            0x00000000   Number         0  printf_stubs.o ABSOLUTE
    _printf_return_value                     0x00000000   Number         0  printf_stubs.o ABSOLUTE
    _printf_sizespec                         0x00000000   Number         0  printf_stubs.o ABSOLUTE
    _printf_widthprec                        0x00000000   Number         0  printf_stubs.o ABSOLUTE
    __ARM_exceptions_init                     - Undefined Weak Reference
    __alloca_initialize                       - Undefined Weak Reference
    __arm_preinit_                            - Undefined Weak Reference
    __cpp_initialize__aeabi_                  - Undefined Weak Reference
    __cxa_finalize                            - Undefined Weak Reference
    __sigvec_lookup                           - Undefined Weak Reference
    _atexit_init                              - Undefined Weak Reference
    _call_atexit_fns                          - Undefined Weak Reference
    _clock_init                               - Undefined Weak Reference
    _fp_trap_init                             - Undefined Weak Reference
    _fp_trap_shutdown                         - Undefined Weak Reference
    _get_lc_collate                           - Undefined Weak Reference
    _get_lc_ctype                             - Undefined Weak Reference
    _get_lc_monetary                          - Undefined Weak Reference
    _get_lc_time                              - Undefined Weak Reference
    _getenv_init                              - Undefined Weak Reference
    _handle_redirection                       - Undefined Weak Reference
    _init_alloc                               - Undefined Weak Reference
    _init_user_alloc                          - Undefined Weak Reference
    _initio                                   - Undefined Weak Reference
    _mutex_acquire                            - Undefined Weak Reference
    _mutex_release                            - Undefined Weak Reference
    _printf_mbtowc                            - Undefined Weak Reference
    _printf_post_padding                      - Undefined Weak Reference
    _printf_pre_padding                       - Undefined Weak Reference
    _printf_truncate_signed                   - Undefined Weak Reference
    _printf_truncate_unsigned                 - Undefined Weak Reference
    _rand_init                                - Undefined Weak Reference
    _signal_finish                            - Undefined Weak Reference
    _signal_init                              - Undefined Weak Reference
    _terminate_alloc                          - Undefined Weak Reference
    _terminate_user_alloc                     - Undefined Weak Reference
    _terminateio                              - Undefined Weak Reference
    __Vectors_Size                           0x00000188   Number         0  startup_stm32f40_41xxx.o ABSOLUTE
    __Vectors                                0x08000000   Data           4  startup_stm32f40_41xxx.o(RESET)
    __Vectors_End                            0x08000188   Data           0  startup_stm32f40_41xxx.o(RESET)
    __main                                   0x08000189   Thumb Code     8  __main.o(!!!main)
    __scatterload                            0x08000191   Thumb Code     0  __scatter.o(!!!scatter)
    __scatterload_rt2                        0x08000191   Thumb Code    44  __scatter.o(!!!scatter)
    __scatterload_rt2_thumb_only             0x08000191   Thumb Code     0  __scatter.o(!!!scatter)
    __scatterload_null                       0x0800019f   Thumb Code     0  __scatter.o(!!!scatter)
    __scatterload_copy                       0x080001c5   Thumb Code    26  __scatter_copy.o(!!handler_copy)
    __scatterload_zeroinit                   0x080001e1   Thumb Code    28  __scatter_zi.o(!!handler_zi)
    _printf_f                                0x080001fd   Thumb Code     0  _printf_f.o(.ARM.Collect$$_printf_percent$$00000003)
    _printf_percent                          0x080001fd   Thumb Code     0  _printf_percent.o(.ARM.Collect$$_printf_percent$$00000000)
    _printf_d                                0x08000203   Thumb Code     0  _printf_d.o(.ARM.Collect$$_printf_percent$$00000009)
    _printf_s                                0x08000209   Thumb Code     0  _printf_s.o(.ARM.Collect$$_printf_percent$$00000014)
    _printf_percent_end                      0x0800020f   Thumb Code     0  _printf_percent_end.o(.ARM.Collect$$_printf_percent$$00000017)
    __rt_lib_init                            0x08000213   Thumb Code     0  libinit.o(.ARM.Collect$$libinit$$00000000)
    __rt_lib_init_fp_1                       0x08000215   Thumb Code     0  libinit2.o(.ARM.Collect$$libinit$$00000001)
    __rt_lib_init_heap_1                     0x08000219   Thumb Code     0  libinit2.o(.ARM.Collect$$libinit$$0000000A)
    __rt_lib_init_lc_common                  0x08000219   Thumb Code     0  libinit2.o(.ARM.Collect$$libinit$$0000000F)
    __rt_lib_init_preinit_1                  0x08000219   Thumb Code     0  libinit2.o(.ARM.Collect$$libinit$$00000004)
    __rt_lib_init_rand_1                     0x08000219   Thumb Code     0  libinit2.o(.ARM.Collect$$libinit$$0000000E)
    __rt_lib_init_user_alloc_1               0x08000219   Thumb Code     0  libinit2.o(.ARM.Collect$$libinit$$0000000C)
    __rt_lib_init_lc_collate_1               0x0800021f   Thumb Code     0  libinit2.o(.ARM.Collect$$libinit$$00000011)
    __rt_lib_init_lc_ctype_1                 0x0800021f   Thumb Code     0  libinit2.o(.ARM.Collect$$libinit$$00000013)
    __rt_lib_init_lc_monetary_1              0x0800021f   Thumb Code     0  libinit2.o(.ARM.Collect$$libinit$$00000015)
    __rt_lib_init_lc_numeric_2               0x0800021f   Thumb Code     0  libinit2.o(.ARM.Collect$$libinit$$00000016)
    __rt_lib_init_alloca_1                   0x08000229   Thumb Code     0  libinit2.o(.ARM.Collect$$libinit$$0000002E)
    __rt_lib_init_argv_1                     0x08000229   Thumb Code     0  libinit2.o(.ARM.Collect$$libinit$$0000002C)
    __rt_lib_init_atexit_1                   0x08000229   Thumb Code     0  libinit2.o(.ARM.Collect$$libinit$$0000001B)
    __rt_lib_init_clock_1                    0x08000229   Thumb Code     0  libinit2.o(.ARM.Collect$$libinit$$00000021)
    __rt_lib_init_cpp_1                      0x08000229   Thumb Code     0  libinit2.o(.ARM.Collect$$libinit$$00000032)
    __rt_lib_init_exceptions_1               0x08000229   Thumb Code     0  libinit2.o(.ARM.Collect$$libinit$$00000030)
    __rt_lib_init_fp_trap_1                  0x08000229   Thumb Code     0  libinit2.o(.ARM.Collect$$libinit$$0000001F)
    __rt_lib_init_getenv_1                   0x08000229   Thumb Code     0  libinit2.o(.ARM.Collect$$libinit$$00000023)
    __rt_lib_init_lc_numeric_1               0x08000229   Thumb Code     0  libinit2.o(.ARM.Collect$$libinit$$00000017)
    __rt_lib_init_lc_time_1                  0x08000229   Thumb Code     0  libinit2.o(.ARM.Collect$$libinit$$00000019)
    __rt_lib_init_return                     0x08000229   Thumb Code     0  libinit2.o(.ARM.Collect$$libinit$$00000033)
    __rt_lib_init_signal_1                   0x08000229   Thumb Code     0  libinit2.o(.ARM.Collect$$libinit$$0000001D)
    __rt_lib_init_stdio_1                    0x08000229   Thumb Code     0  libinit2.o(.ARM.Collect$$libinit$$00000025)
    __rt_lib_shutdown                        0x0800022b   Thumb Code     0  libshutdown.o(.ARM.Collect$$libshutdown$$00000000)
    __rt_lib_shutdown_fp_trap_1              0x0800022d   Thumb Code     0  libshutdown2.o(.ARM.Collect$$libshutdown$$00000006)
    __rt_lib_shutdown_heap_1                 0x0800022d   Thumb Code     0  libshutdown2.o(.ARM.Collect$$libshutdown$$0000000E)
    __rt_lib_shutdown_return                 0x0800022d   Thumb Code     0  libshutdown2.o(.ARM.Collect$$libshutdown$$0000000F)
    __rt_lib_shutdown_signal_1               0x0800022d   Thumb Code     0  libshutdown2.o(.ARM.Collect$$libshutdown$$00000009)
    __rt_lib_shutdown_stdio_1                0x0800022d   Thumb Code     0  libshutdown2.o(.ARM.Collect$$libshutdown$$00000003)
    __rt_lib_shutdown_user_alloc_1           0x0800022d   Thumb Code     0  libshutdown2.o(.ARM.Collect$$libshutdown$$0000000B)
    __rt_entry                               0x0800022f   Thumb Code     0  __rtentry.o(.ARM.Collect$$rtentry$$00000000)
    __rt_entry_presh_1                       0x0800022f   Thumb Code     0  __rtentry2.o(.ARM.Collect$$rtentry$$00000002)
    __rt_entry_sh                            0x0800022f   Thumb Code     0  __rtentry4.o(.ARM.Collect$$rtentry$$00000004)
    __rt_entry_li                            0x08000235   Thumb Code     0  __rtentry2.o(.ARM.Collect$$rtentry$$0000000A)
    __rt_entry_postsh_1                      0x08000235   Thumb Code     0  __rtentry2.o(.ARM.Collect$$rtentry$$00000009)
    __rt_entry_main                          0x08000239   Thumb Code     0  __rtentry2.o(.ARM.Collect$$rtentry$$0000000D)
    __rt_entry_postli_1                      0x08000239   Thumb Code     0  __rtentry2.o(.ARM.Collect$$rtentry$$0000000C)
    __rt_exit                                0x08000241   Thumb Code     0  rtexit.o(.ARM.Collect$$rtexit$$00000000)
    __rt_exit_ls                             0x08000243   Thumb Code     0  rtexit2.o(.ARM.Collect$$rtexit$$00000003)
    __rt_exit_prels_1                        0x08000243   Thumb Code     0  rtexit2.o(.ARM.Collect$$rtexit$$00000002)
    __rt_exit_exit                           0x08000247   Thumb Code     0  rtexit2.o(.ARM.Collect$$rtexit$$00000004)
    Reset_Handler                            0x0800024d   Thumb Code     8  startup_stm32f40_41xxx.o(.text)
    NMI_Handler                              0x08000255   Thumb Code     2  startup_stm32f40_41xxx.o(.text)
    HardFault_Handler                        0x08000257   Thumb Code     2  startup_stm32f40_41xxx.o(.text)
    MemManage_Handler                        0x08000259   Thumb Code     2  startup_stm32f40_41xxx.o(.text)
    BusFault_Handler                         0x0800025b   Thumb Code     2  startup_stm32f40_41xxx.o(.text)
    UsageFault_Handler                       0x0800025d   Thumb Code     2  startup_stm32f40_41xxx.o(.text)
    SVC_Handler                              0x0800025f   Thumb Code     2  startup_stm32f40_41xxx.o(.text)
    DebugMon_Handler                         0x08000261   Thumb Code     2  startup_stm32f40_41xxx.o(.text)
    PendSV_Handler                           0x08000263   Thumb Code     2  startup_stm32f40_41xxx.o(.text)
    SysTick_Handler                          0x08000265   Thumb Code     2  startup_stm32f40_41xxx.o(.text)
    ADC_IRQHandler                           0x08000267   Thumb Code     0  startup_stm32f40_41xxx.o(.text)
    CAN1_RX0_IRQHandler                      0x08000267   Thumb Code     0  startup_stm32f40_41xxx.o(.text)
    CAN1_RX1_IRQHandler                      0x08000267   Thumb Code     0  startup_stm32f40_41xxx.o(.text)
    CAN1_SCE_IRQHandler                      0x08000267   Thumb Code     0  startup_stm32f40_41xxx.o(.text)
    CAN1_TX_IRQHandler                       0x08000267   Thumb Code     0  startup_stm32f40_41xxx.o(.text)
    CAN2_RX0_IRQHandler                      0x08000267   Thumb Code     0  startup_stm32f40_41xxx.o(.text)
    CAN2_RX1_IRQHandler                      0x08000267   Thumb Code     0  startup_stm32f40_41xxx.o(.text)
    CAN2_SCE_IRQHandler                      0x08000267   Thumb Code     0  startup_stm32f40_41xxx.o(.text)
    CAN2_TX_IRQHandler                       0x08000267   Thumb Code     0  startup_stm32f40_41xxx.o(.text)
    CRYP_IRQHandler                          0x08000267   Thumb Code     0  startup_stm32f40_41xxx.o(.text)
    DCMI_IRQHandler                          0x08000267   Thumb Code     0  startup_stm32f40_41xxx.o(.text)
    DMA1_Stream0_IRQHandler                  0x08000267   Thumb Code     0  startup_stm32f40_41xxx.o(.text)
    DMA1_Stream1_IRQHandler                  0x08000267   Thumb Code     0  startup_stm32f40_41xxx.o(.text)
    DMA1_Stream2_IRQHandler                  0x08000267   Thumb Code     0  startup_stm32f40_41xxx.o(.text)
    DMA1_Stream3_IRQHandler                  0x08000267   Thumb Code     0  startup_stm32f40_41xxx.o(.text)
    DMA1_Stream4_IRQHandler                  0x08000267   Thumb Code     0  startup_stm32f40_41xxx.o(.text)
    DMA1_Stream5_IRQHandler                  0x08000267   Thumb Code     0  startup_stm32f40_41xxx.o(.text)
    DMA1_Stream6_IRQHandler                  0x08000267   Thumb Code     0  startup_stm32f40_41xxx.o(.text)
    DMA1_Stream7_IRQHandler                  0x08000267   Thumb Code     0  startup_stm32f40_41xxx.o(.text)
    DMA2_Stream0_IRQHandler                  0x08000267   Thumb Code     0  startup_stm32f40_41xxx.o(.text)
    DMA2_Stream1_IRQHandler                  0x08000267   Thumb Code     0  startup_stm32f40_41xxx.o(.text)
    DMA2_Stream2_IRQHandler                  0x08000267   Thumb Code     0  startup_stm32f40_41xxx.o(.text)
    DMA2_Stream3_IRQHandler                  0x08000267   Thumb Code     0  startup_stm32f40_41xxx.o(.text)
    DMA2_Stream4_IRQHandler                  0x08000267   Thumb Code     0  startup_stm32f40_41xxx.o(.text)
    DMA2_Stream5_IRQHandler                  0x08000267   Thumb Code     0  startup_stm32f40_41xxx.o(.text)
    DMA2_Stream6_IRQHandler                  0x08000267   Thumb Code     0  startup_stm32f40_41xxx.o(.text)
    DMA2_Stream7_IRQHandler                  0x08000267   Thumb Code     0  startup_stm32f40_41xxx.o(.text)
    ETH_IRQHandler                           0x08000267   Thumb Code     0  startup_stm32f40_41xxx.o(.text)
    ETH_WKUP_IRQHandler                      0x08000267   Thumb Code     0  startup_stm32f40_41xxx.o(.text)
    EXTI0_IRQHandler                         0x08000267   Thumb Code     0  startup_stm32f40_41xxx.o(.text)
    EXTI15_10_IRQHandler                     0x08000267   Thumb Code     0  startup_stm32f40_41xxx.o(.text)
    EXTI1_IRQHandler                         0x08000267   Thumb Code     0  startup_stm32f40_41xxx.o(.text)
    EXTI2_IRQHandler                         0x08000267   Thumb Code     0  startup_stm32f40_41xxx.o(.text)
    EXTI3_IRQHandler                         0x08000267   Thumb Code     0  startup_stm32f40_41xxx.o(.text)
    EXTI4_IRQHandler                         0x08000267   Thumb Code     0  startup_stm32f40_41xxx.o(.text)
    EXTI9_5_IRQHandler                       0x08000267   Thumb Code     0  startup_stm32f40_41xxx.o(.text)
    FLASH_IRQHandler                         0x08000267   Thumb Code     0  startup_stm32f40_41xxx.o(.text)
    FPU_IRQHandler                           0x08000267   Thumb Code     0  startup_stm32f40_41xxx.o(.text)
    FSMC_IRQHandler                          0x08000267   Thumb Code     0  startup_stm32f40_41xxx.o(.text)
    HASH_RNG_IRQHandler                      0x08000267   Thumb Code     0  startup_stm32f40_41xxx.o(.text)
    I2C1_ER_IRQHandler                       0x08000267   Thumb Code     0  startup_stm32f40_41xxx.o(.text)
    I2C1_EV_IRQHandler                       0x08000267   Thumb Code     0  startup_stm32f40_41xxx.o(.text)
    I2C2_ER_IRQHandler                       0x08000267   Thumb Code     0  startup_stm32f40_41xxx.o(.text)
    I2C2_EV_IRQHandler                       0x08000267   Thumb Code     0  startup_stm32f40_41xxx.o(.text)
    I2C3_ER_IRQHandler                       0x08000267   Thumb Code     0  startup_stm32f40_41xxx.o(.text)
    I2C3_EV_IRQHandler                       0x08000267   Thumb Code     0  startup_stm32f40_41xxx.o(.text)
    OTG_FS_IRQHandler                        0x08000267   Thumb Code     0  startup_stm32f40_41xxx.o(.text)
    OTG_FS_WKUP_IRQHandler                   0x08000267   Thumb Code     0  startup_stm32f40_41xxx.o(.text)
    OTG_HS_EP1_IN_IRQHandler                 0x08000267   Thumb Code     0  startup_stm32f40_41xxx.o(.text)
    OTG_HS_EP1_OUT_IRQHandler                0x08000267   Thumb Code     0  startup_stm32f40_41xxx.o(.text)
    OTG_HS_IRQHandler                        0x08000267   Thumb Code     0  startup_stm32f40_41xxx.o(.text)
    OTG_HS_WKUP_IRQHandler                   0x08000267   Thumb Code     0  startup_stm32f40_41xxx.o(.text)
    PVD_IRQHandler                           0x08000267   Thumb Code     0  startup_stm32f40_41xxx.o(.text)
    RCC_IRQHandler                           0x08000267   Thumb Code     0  startup_stm32f40_41xxx.o(.text)
    RTC_Alarm_IRQHandler                     0x08000267   Thumb Code     0  startup_stm32f40_41xxx.o(.text)
    RTC_WKUP_IRQHandler                      0x08000267   Thumb Code     0  startup_stm32f40_41xxx.o(.text)
    SDIO_IRQHandler                          0x08000267   Thumb Code     0  startup_stm32f40_41xxx.o(.text)
    SPI1_IRQHandler                          0x08000267   Thumb Code     0  startup_stm32f40_41xxx.o(.text)
    SPI2_IRQHandler                          0x08000267   Thumb Code     0  startup_stm32f40_41xxx.o(.text)
    SPI3_IRQHandler                          0x08000267   Thumb Code     0  startup_stm32f40_41xxx.o(.text)
    TAMP_STAMP_IRQHandler                    0x08000267   Thumb Code     0  startup_stm32f40_41xxx.o(.text)
    TIM1_BRK_TIM9_IRQHandler                 0x08000267   Thumb Code     0  startup_stm32f40_41xxx.o(.text)
    TIM1_CC_IRQHandler                       0x08000267   Thumb Code     0  startup_stm32f40_41xxx.o(.text)
    TIM1_TRG_COM_TIM11_IRQHandler            0x08000267   Thumb Code     0  startup_stm32f40_41xxx.o(.text)
    TIM1_UP_TIM10_IRQHandler                 0x08000267   Thumb Code     0  startup_stm32f40_41xxx.o(.text)
    TIM2_IRQHandler                          0x08000267   Thumb Code     0  startup_stm32f40_41xxx.o(.text)
    TIM4_IRQHandler                          0x08000267   Thumb Code     0  startup_stm32f40_41xxx.o(.text)
    TIM5_IRQHandler                          0x08000267   Thumb Code     0  startup_stm32f40_41xxx.o(.text)
    TIM6_DAC_IRQHandler                      0x08000267   Thumb Code     0  startup_stm32f40_41xxx.o(.text)
    TIM7_IRQHandler                          0x08000267   Thumb Code     0  startup_stm32f40_41xxx.o(.text)
    TIM8_BRK_TIM12_IRQHandler                0x08000267   Thumb Code     0  startup_stm32f40_41xxx.o(.text)
    TIM8_CC_IRQHandler                       0x08000267   Thumb Code     0  startup_stm32f40_41xxx.o(.text)
    TIM8_TRG_COM_TIM14_IRQHandler            0x08000267   Thumb Code     0  startup_stm32f40_41xxx.o(.text)
    TIM8_UP_TIM13_IRQHandler                 0x08000267   Thumb Code     0  startup_stm32f40_41xxx.o(.text)
    UART4_IRQHandler                         0x08000267   Thumb Code     0  startup_stm32f40_41xxx.o(.text)
    UART5_IRQHandler                         0x08000267   Thumb Code     0  startup_stm32f40_41xxx.o(.text)
    USART2_IRQHandler                        0x08000267   Thumb Code     0  startup_stm32f40_41xxx.o(.text)
    USART6_IRQHandler                        0x08000267   Thumb Code     0  startup_stm32f40_41xxx.o(.text)
    WWDG_IRQHandler                          0x08000267   Thumb Code     0  startup_stm32f40_41xxx.o(.text)
    __user_initial_stackheap                 0x08000269   Thumb Code     0  startup_stm32f40_41xxx.o(.text)
    __I$use$semihosting                      0x0800028d   Thumb Code     0  use_no_semi.o(.text)
    __use_no_semihosting_swi                 0x0800028d   Thumb Code     2  use_no_semi.o(.text)
    __2printf                                0x08000291   Thumb Code    20  noretval__2printf.o(.text)
    __2sprintf                               0x080002a9   Thumb Code    34  noretval__2sprintf.o(.text)
    _printf_str                              0x080002d1   Thumb Code    82  _printf_str.o(.text)
    _printf_int_dec                          0x08000325   Thumb Code   104  _printf_dec.o(.text)
    __printf                                 0x0800039d   Thumb Code   270  __printf_wp.o(.text)
    strstr                                   0x080004ab   Thumb Code    36  strstr.o(.text)
    strlen                                   0x080004cf   Thumb Code    62  strlen.o(.text)
    __aeabi_memclr                           0x0800050d   Thumb Code     0  rt_memclr.o(.text)
    __rt_memclr                              0x0800050d   Thumb Code    68  rt_memclr.o(.text)
    _memset                                  0x08000511   Thumb Code     0  rt_memclr.o(.text)
    __aeabi_memclr4                          0x08000551   Thumb Code     0  rt_memclr_w.o(.text)
    __aeabi_memclr8                          0x08000551   Thumb Code     0  rt_memclr_w.o(.text)
    __rt_memclr_w                            0x08000551   Thumb Code    78  rt_memclr_w.o(.text)
    _memset_w                                0x08000555   Thumb Code     0  rt_memclr_w.o(.text)
    __use_two_region_memory                  0x0800059f   Thumb Code     2  heapauxi.o(.text)
    __rt_heap_escrow$2region                 0x080005a1   Thumb Code     2  heapauxi.o(.text)
    __rt_heap_expand$2region                 0x080005a3   Thumb Code     2  heapauxi.o(.text)
    _printf_int_common                       0x080005a5   Thumb Code   178  _printf_intcommon.o(.text)
    __lib_sel_fp_printf                      0x08000657   Thumb Code     2  _printf_fp_dec.o(.text)
    _printf_fp_dec_real                      0x08000805   Thumb Code   620  _printf_fp_dec.o(.text)
    _printf_char_common                      0x08000a7b   Thumb Code    32  _printf_char_common.o(.text)
    _sputc                                   0x08000aa1   Thumb Code    10  _sputc.o(.text)
    _printf_cs_common                        0x08000aab   Thumb Code    20  _printf_char.o(.text)
    _printf_char                             0x08000abf   Thumb Code    16  _printf_char.o(.text)
    _printf_string                           0x08000acf   Thumb Code     8  _printf_char.o(.text)
    _printf_char_file                        0x08000ad9   Thumb Code    32  _printf_char_file.o(.text)
    __rt_locale                              0x08000afd   Thumb Code     8  rt_locale_intlibspace.o(.text)
    _ll_udiv10                               0x08000b05   Thumb Code   138  lludiv10.o(.text)
    _printf_fp_infnan                        0x08000b91   Thumb Code   112  _printf_fp_infnan.o(.text)
    _btod_etento                             0x08000c11   Thumb Code   216  bigflt0.o(.text)
    ferror                                   0x08000ced   Thumb Code     8  ferror.o(.text)
    __user_libspace                          0x08000cf5   Thumb Code     8  libspace.o(.text)
    __user_perproc_libspace                  0x08000cf5   Thumb Code     0  libspace.o(.text)
    __user_perthread_libspace                0x08000cf5   Thumb Code     0  libspace.o(.text)
    __user_setup_stackheap                   0x08000cfd   Thumb Code    74  sys_stackheap_outer.o(.text)
    exit                                     0x08000d47   Thumb Code    12  exit.o(.text)
    strcmp                                   0x08000d55   Thumb Code   128  strcmpv7m.o(.text)
    _btod_d2e                                0x08000dd5   Thumb Code    62  btod.o(CL$$btod_d2e)
    _d2e_denorm_low                          0x08000e13   Thumb Code    70  btod.o(CL$$btod_d2e_denorm_low)
    _d2e_norm_op1                            0x08000e59   Thumb Code    96  btod.o(CL$$btod_d2e_norm_op1)
    __btod_div_common                        0x08000eb9   Thumb Code   696  btod.o(CL$$btod_div_common)
    _e2e                                     0x080011f1   Thumb Code   198  btod.o(CL$$btod_e2e)
    _btod_ediv                               0x080012b7   Thumb Code    40  btod.o(CL$$btod_ediv)
    _btod_emul                               0x080012df   Thumb Code    40  btod.o(CL$$btod_emul)
    __btod_mult_common                       0x08001307   Thumb Code   580  btod.o(CL$$btod_mult_common)
    ADC_Cmd                                  0x0800154b   Thumb Code    20  stm32f4xx_adc.o(i.ADC_Cmd)
    ADC_CommonInit                           0x08001561   Thumb Code    34  stm32f4xx_adc.o(i.ADC_CommonInit)
    ADC_GetConversionValue                   0x0800158d   Thumb Code     6  stm32f4xx_adc.o(i.ADC_GetConversionValue)
    ADC_GetFlagStatus                        0x08001593   Thumb Code    14  stm32f4xx_adc.o(i.ADC_GetFlagStatus)
    ADC_Init                                 0x080015a1   Thumb Code    66  stm32f4xx_adc.o(i.ADC_Init)
    ADC_RegularChannelConfig                 0x080015ed   Thumb Code   116  stm32f4xx_adc.o(i.ADC_RegularChannelConfig)
    ADC_SoftwareStartConv                    0x08001661   Thumb Code    10  stm32f4xx_adc.o(i.ADC_SoftwareStartConv)
    Dht11_GetByte                            0x0800166d   Thumb Code   110  dht11.o(i.Dht11_GetByte)
    Dht11_Pin_SetMode                        0x080016e1   Thumb Code    62  dht11.o(i.Dht11_Pin_SetMode)
    Dht11_ReadData                           0x08001729   Thumb Code    56  dht11.o(i.Dht11_ReadData)
    Dht11_Start                              0x08001761   Thumb Code   138  dht11.o(i.Dht11_Start)
    Exit_PA0_Init                            0x080017f1   Thumb Code    42  main.o(i.Exit_PA0_Init)
    Exit_PE2_PE3_PE4_Init                    0x08001821   Thumb Code    44  main.o(i.Exit_PE2_PE3_PE4_Init)
    Fan_PWM_Init                             0x08001851   Thumb Code   154  fan.o(i.Fan_PWM_Init)
    Fan_SetDuty                              0x080018f5   Thumb Code    18  fan.o(i.Fan_SetDuty)
    GPIO_Init                                0x0800190d   Thumb Code   120  stm32f4xx_gpio.o(i.GPIO_Init)
    GPIO_PinAFConfig                         0x08001985   Thumb Code    32  stm32f4xx_gpio.o(i.GPIO_PinAFConfig)
    GPIO_ReadInputDataBit                    0x080019a5   Thumb Code    14  stm32f4xx_gpio.o(i.GPIO_ReadInputDataBit)
    GPIO_ResetBits                           0x080019b3   Thumb Code     4  stm32f4xx_gpio.o(i.GPIO_ResetBits)
    GPIO_SetBits                             0x080019b7   Thumb Code     4  stm32f4xx_gpio.o(i.GPIO_SetBits)
    Get_Sr04_Value                           0x080019bd   Thumb Code   166  sr04.o(i.Get_Sr04_Value)
    Led_Init                                 0x08001a75   Thumb Code   108  main.o(i.Led_Init)
    NVIC_Init                                0x08001ae9   Thumb Code    96  misc.o(i.NVIC_Init)
    NVIC_PriorityGroupConfig                 0x08001b4d   Thumb Code    10  misc.o(i.NVIC_PriorityGroupConfig)
    OLED_Clear                               0x08001b61   Thumb Code    58  oled.o(i.OLED_Clear)
    OLED_Init                                0x08001b9b   Thumb Code   232  oled.o(i.OLED_Init)
    OLED_Set_Pos                             0x08001c83   Thumb Code    42  oled.o(i.OLED_Set_Pos)
    OLED_ShowCHinese                         0x08001cad   Thumb Code    92  oled.o(i.OLED_ShowCHinese)
    OLED_ShowChar                            0x08001d0d   Thumb Code   128  oled.o(i.OLED_ShowChar)
    OLED_ShowNum                             0x08001d95   Thumb Code   106  oled.o(i.OLED_ShowNum)
    OLED_ShowTest                            0x08001dff   Thumb Code   110  oled.o(i.OLED_ShowTest)
    OLED_WR_Byte                             0x08001e6d   Thumb Code    12  oled.o(i.OLED_WR_Byte)
    Press_ADC_Init                           0x08001e79   Thumb Code   116  tire.o(i.Press_ADC_Init)
    Press_ADC_ReadRaw                        0x08001ef5   Thumb Code    32  tire.o(i.Press_ADC_ReadRaw)
    Press_GetTirePressure                    0x08001f19   Thumb Code    52  tire.o(i.Press_GetTirePressure)
    Press_GetVoltage                         0x08001f61   Thumb Code    32  tire.o(i.Press_GetVoltage)
    Pwm_Steering_TIM9_CH1_PE5_Init           0x08001f89   Thumb Code   140  pwm.o(i.Pwm_Steering_TIM9_CH1_PE5_Init)
    RCC_AHB1PeriphClockCmd                   0x0800201d   Thumb Code    18  stm32f4xx_rcc.o(i.RCC_AHB1PeriphClockCmd)
    RCC_APB1PeriphClockCmd                   0x08002035   Thumb Code    18  stm32f4xx_rcc.o(i.RCC_APB1PeriphClockCmd)
    RCC_APB2PeriphClockCmd                   0x0800204d   Thumb Code    18  stm32f4xx_rcc.o(i.RCC_APB2PeriphClockCmd)
    RCC_GetClocksFreq                        0x08002065   Thumb Code   132  stm32f4xx_rcc.o(i.RCC_GetClocksFreq)
    Server_180_Angle                         0x080020f5   Thumb Code    88  main.o(i.Server_180_Angle)
    Sr04_Init                                0x08002205   Thumb Code   116  sr04.o(i.Sr04_Init)
    SysTick_CLKSourceConfig                  0x08002281   Thumb Code    24  misc.o(i.SysTick_CLKSourceConfig)
    SystemInit                               0x08002299   Thumb Code    74  system_stm32f4xx.o(i.SystemInit)
    TIM3_IRQHandler                          0x080022f5   Thumb Code    64  tim.o(i.TIM3_IRQHandler)
    TIM_ARRPreloadConfig                     0x08002345   Thumb Code    20  stm32f4xx_tim.o(i.TIM_ARRPreloadConfig)
    TIM_ClearITPendingBit                    0x08002359   Thumb Code     6  stm32f4xx_tim.o(i.TIM_ClearITPendingBit)
    TIM_Cmd                                  0x0800235f   Thumb Code    20  stm32f4xx_tim.o(i.TIM_Cmd)
    TIM_GetITStatus                          0x08002373   Thumb Code    24  stm32f4xx_tim.o(i.TIM_GetITStatus)
    TIM_ITConfig                             0x0800238b   Thumb Code    16  stm32f4xx_tim.o(i.TIM_ITConfig)
    TIM_OC1Init                              0x0800239d   Thumb Code    88  stm32f4xx_tim.o(i.TIM_OC1Init)
    TIM_OC1PreloadConfig                     0x080023fd   Thumb Code    12  stm32f4xx_tim.o(i.TIM_OC1PreloadConfig)
    TIM_SetCompare1                          0x08002409   Thumb Code     4  stm32f4xx_tim.o(i.TIM_SetCompare1)
    TIM_TimeBaseInit                         0x0800240d   Thumb Code    96  stm32f4xx_tim.o(i.TIM_TimeBaseInit)
    USART1_IRQHandler                        0x08002489   Thumb Code    62  usart.o(i.USART1_IRQHandler)
    USART3_IRQHandler                        0x080024d1   Thumb Code    90  usart.o(i.USART3_IRQHandler)
    USART_ClearITPendingBit                  0x08002541   Thumb Code    12  stm32f4xx_usart.o(i.USART_ClearITPendingBit)
    USART_Cmd                                0x0800254d   Thumb Code    20  stm32f4xx_usart.o(i.USART_Cmd)
    USART_GetFlagStatus                      0x08002561   Thumb Code    14  stm32f4xx_usart.o(i.USART_GetFlagStatus)
    USART_GetITStatus                        0x0800256f   Thumb Code    62  stm32f4xx_usart.o(i.USART_GetITStatus)
    USART_ITConfig                           0x080025ad   Thumb Code    48  stm32f4xx_usart.o(i.USART_ITConfig)
    USART_Init                               0x080025dd   Thumb Code   164  stm32f4xx_usart.o(i.USART_Init)
    USART_ReceiveData                        0x08002689   Thumb Code     8  stm32f4xx_usart.o(i.USART_ReceiveData)
    USART_SendData                           0x08002691   Thumb Code     8  stm32f4xx_usart.o(i.USART_SendData)
    Write_IIC_Command                        0x08002699   Thumb Code    46  oled.o(i.Write_IIC_Command)
    Write_IIC_Data                           0x080026c7   Thumb Code    46  oled.o(i.Write_IIC_Data)
    __ARM_fpclassify                         0x080026f5   Thumb Code    48  fpclassify.o(i.__ARM_fpclassify)
    _is_digit                                0x08002725   Thumb Code    14  __printf_wp.o(i._is_digit)
    _sys_exit                                0x08002733   Thumb Code     2  usart.o(i._sys_exit)
    delay_init                               0x08002735   Thumb Code    30  delay.o(i.delay_init)
    delay_ms                                 0x08002759   Thumb Code    54  delay.o(i.delay_ms)
    delay_s                                  0x08002795   Thumb Code    28  delay.o(i.delay_s)
    delay_us                                 0x080027b1   Thumb Code    54  delay.o(i.delay_us)
    esp8266_connect_ap                       0x080027ed   Thumb Code    94  esp8266.o(i.esp8266_connect_ap)
    esp8266_disconnect_ap                    0x08002891   Thumb Code    28  esp8266.o(i.esp8266_disconnect_ap)
    esp8266_disconnect_server                0x080028bd   Thumb Code    28  esp8266.o(i.esp8266_disconnect_server)
    esp8266_entry_transparent_transmission   0x080028ed   Thumb Code    68  esp8266.o(i.esp8266_entry_transparent_transmission)
    esp8266_exit_transparent_transmission    0x08002959   Thumb Code    44  esp8266.o(i.esp8266_exit_transparent_transmission)
    esp8266_find_str_in_rx_packet            0x0800298d   Thumb Code    50  esp8266.o(i.esp8266_find_str_in_rx_packet)
    esp8266_init                             0x080029d5   Thumb Code    18  esp8266.o(i.esp8266_init)
    esp8266_self_test                        0x080029e9   Thumb Code    22  esp8266.o(i.esp8266_self_test)
    esp8266_send_at                          0x08002a0d   Thumb Code    30  esp8266.o(i.esp8266_send_at)
    esp8266_send_str                         0x08002a35   Thumb Code    32  esp8266.o(i.esp8266_send_str)
    fputc                                    0x08002a5d   Thumb Code    30  usart.o(i.fputc)
    get_chinese_index                        0x08002a81   Thumb Code    46  oled.o(i.get_chinese_index)
    iic_init                                 0x08002ab5   Thumb Code    62  iic.o(i.iic_init)
    iic_recv_ack                             0x08002afd   Thumb Code    56  iic.o(i.iic_recv_ack)
    iic_sda_mode                             0x08002b39   Thumb Code    42  iic.o(i.iic_sda_mode)
    iic_send_byte                            0x08002b69   Thumb Code    80  iic.o(i.iic_send_byte)
    iic_start                                0x08002bbd   Thumb Code    44  iic.o(i.iic_start)
    iic_stop                                 0x08002bed   Thumb Code    44  iic.o(i.iic_stop)
    is_chinese_char_gb2312                   0x08002c1d   Thumb Code    24  oled.o(i.is_chinese_char_gb2312)
    is_english_char                          0x08002c35   Thumb Code    12  oled.o(i.is_english_char)
    main                                     0x08002c41   Thumb Code   494  main.o(i.main)
    net_connect_server                       0x08002fe1   Thumb Code    32  main.o(i.net_connect_server)
    net_disconnect_server                    0x08003031   Thumb Code    14  main.o(i.net_disconnect_server)
    net_init                                 0x08003041   Thumb Code    68  main.o(i.net_init)
    oled_pow                                 0x0800311d   Thumb Code    16  oled.o(i.oled_pow)
    sr04_oled_tire                           0x0800312d   Thumb Code   420  main.o(i.sr04_oled_tire)
    tim3_init                                0x08003355   Thumb Code    82  tim.o(i.tim3_init)
    usart1_init                              0x080033b5   Thumb Code   140  usart.o(i.usart1_init)
    usart3_init                              0x08003451   Thumb Code   140  usart.o(i.usart3_init)
    usart3_send_str                          0x080034ed   Thumb Code    36  usart.o(i.usart3_send_str)
    _get_lc_numeric                          0x08003515   Thumb Code    44  lc_numeric_c.o(locale$$code)
    __fpl_dretinf                            0x08003541   Thumb Code    12  dretinf.o(x$fpl$dretinf)
    __aeabi_f2d                              0x0800354d   Thumb Code     0  f2d.o(x$fpl$f2d)
    _f2d                                     0x0800354d   Thumb Code    86  f2d.o(x$fpl$f2d)
    __fpl_fnaninf                            0x080035a3   Thumb Code   140  fnaninf.o(x$fpl$fnaninf)
    _fp_init                                 0x0800362f   Thumb Code    10  fpinit.o(x$fpl$fpinit)
    __fplib_config_fpu_vfp                   0x08003637   Thumb Code     0  fpinit.o(x$fpl$fpinit)
    __fplib_config_pureend_doubles           0x08003637   Thumb Code     0  fpinit.o(x$fpl$fpinit)
    _printf_fp_dec                           0x08003639   Thumb Code     4  printf1.o(x$fpl$printf1)
    F6x8                                     0x0800363c   Data         552  oled.o(.constdata)
    __I$use$fp                               0x0800363c   Number         0  usenofp.o(x$fpl$usenofp)
    F8X16                                    0x08003864   Data        1520  oled.o(.constdata)
    Region$$Table$$Base                      0x08003ee8   Number         0  anon$$obj.o(Region$$Table)
    Region$$Table$$Limit                     0x08003f08   Number         0  anon$$obj.o(Region$$Table)
    dht11_data                               0x20000000   Data           5  main.o(.data)
    tick_us                                  0x20000008   Data           4  delay.o(.data)
    tick_ms                                  0x2000000c   Data           4  delay.o(.data)
    Hzk                                      0x20000010   Data         136  oled.o(.data)
    __stdout                                 0x200000a4   Data           4  usart.o(.data)
    g_esp8266_rx_cnt                         0x200000a8   Data           4  esp8266.o(.data)
    g_esp8266_rx_end                         0x200000ac   Data           4  esp8266.o(.data)
    g_esp8266_transparent_transmission_sta   0x200000b0   Data           4  esp8266.o(.data)
    g_esp8266_rx_buf                         0x200000dc   Data        4096  esp8266.o(.bss)
    __libspace_start                         0x200010e8   Data          96  libspace.o(.bss)
    __temporary_stack_top$libspace           0x20001148   Data           0  libspace.o(.bss)



==============================================================================

Memory Map of the image

  Image Entry point : 0x08000189

  Load Region LR_IROM1 (Base: 0x08000000, Size: 0x00003ff0, Max: 0x00080000, ABSOLUTE)

    Execution Region ER_IROM1 (Base: 0x08000000, Size: 0x00003f24, Max: 0x00080000, ABSOLUTE)

    Base Addr    Size         Type   Attr      Idx    E Section Name        Object

    0x08000000   0x00000188   Data   RO         2543    RESET               startup_stm32f40_41xxx.o
    0x08000188   0x00000008   Code   RO         2641  * !!!main             c_w.l(__main.o)
    0x08000190   0x00000034   Code   RO         2864    !!!scatter          c_w.l(__scatter.o)
    0x080001c4   0x0000001a   Code   RO         2866    !!handler_copy      c_w.l(__scatter_copy.o)
    0x080001de   0x00000002   PAD
    0x080001e0   0x0000001c   Code   RO         2868    !!handler_zi        c_w.l(__scatter_zi.o)
    0x080001fc   0x00000000   Code   RO         2630    .ARM.Collect$$_printf_percent$$00000000  c_w.l(_printf_percent.o)
    0x080001fc   0x00000006   Code   RO         2629    .ARM.Collect$$_printf_percent$$00000003  c_w.l(_printf_f.o)
    0x08000202   0x00000006   Code   RO         2628    .ARM.Collect$$_printf_percent$$00000009  c_w.l(_printf_d.o)
    0x08000208   0x00000006   Code   RO         2627    .ARM.Collect$$_printf_percent$$00000014  c_w.l(_printf_s.o)
    0x0800020e   0x00000004   Code   RO         2660    .ARM.Collect$$_printf_percent$$00000017  c_w.l(_printf_percent_end.o)
    0x08000212   0x00000002   Code   RO         2742    .ARM.Collect$$libinit$$00000000  c_w.l(libinit.o)
    0x08000214   0x00000004   Code   RO         2743    .ARM.Collect$$libinit$$00000001  c_w.l(libinit2.o)
    0x08000218   0x00000000   Code   RO         2746    .ARM.Collect$$libinit$$00000004  c_w.l(libinit2.o)
    0x08000218   0x00000000   Code   RO         2749    .ARM.Collect$$libinit$$0000000A  c_w.l(libinit2.o)
    0x08000218   0x00000000   Code   RO         2751    .ARM.Collect$$libinit$$0000000C  c_w.l(libinit2.o)
    0x08000218   0x00000000   Code   RO         2753    .ARM.Collect$$libinit$$0000000E  c_w.l(libinit2.o)
    0x08000218   0x00000006   Code   RO         2754    .ARM.Collect$$libinit$$0000000F  c_w.l(libinit2.o)
    0x0800021e   0x00000000   Code   RO         2756    .ARM.Collect$$libinit$$00000011  c_w.l(libinit2.o)
    0x0800021e   0x00000000   Code   RO         2758    .ARM.Collect$$libinit$$00000013  c_w.l(libinit2.o)
    0x0800021e   0x00000000   Code   RO         2760    .ARM.Collect$$libinit$$00000015  c_w.l(libinit2.o)
    0x0800021e   0x0000000a   Code   RO         2761    .ARM.Collect$$libinit$$00000016  c_w.l(libinit2.o)
    0x08000228   0x00000000   Code   RO         2762    .ARM.Collect$$libinit$$00000017  c_w.l(libinit2.o)
    0x08000228   0x00000000   Code   RO         2764    .ARM.Collect$$libinit$$00000019  c_w.l(libinit2.o)
    0x08000228   0x00000000   Code   RO         2766    .ARM.Collect$$libinit$$0000001B  c_w.l(libinit2.o)
    0x08000228   0x00000000   Code   RO         2768    .ARM.Collect$$libinit$$0000001D  c_w.l(libinit2.o)
    0x08000228   0x00000000   Code   RO         2770    .ARM.Collect$$libinit$$0000001F  c_w.l(libinit2.o)
    0x08000228   0x00000000   Code   RO         2772    .ARM.Collect$$libinit$$00000021  c_w.l(libinit2.o)
    0x08000228   0x00000000   Code   RO         2774    .ARM.Collect$$libinit$$00000023  c_w.l(libinit2.o)
    0x08000228   0x00000000   Code   RO         2776    .ARM.Collect$$libinit$$00000025  c_w.l(libinit2.o)
    0x08000228   0x00000000   Code   RO         2780    .ARM.Collect$$libinit$$0000002C  c_w.l(libinit2.o)
    0x08000228   0x00000000   Code   RO         2782    .ARM.Collect$$libinit$$0000002E  c_w.l(libinit2.o)
    0x08000228   0x00000000   Code   RO         2784    .ARM.Collect$$libinit$$00000030  c_w.l(libinit2.o)
    0x08000228   0x00000000   Code   RO         2786    .ARM.Collect$$libinit$$00000032  c_w.l(libinit2.o)
    0x08000228   0x00000002   Code   RO         2787    .ARM.Collect$$libinit$$00000033  c_w.l(libinit2.o)
    0x0800022a   0x00000002   Code   RO         2815    .ARM.Collect$$libshutdown$$00000000  c_w.l(libshutdown.o)
    0x0800022c   0x00000000   Code   RO         2825    .ARM.Collect$$libshutdown$$00000003  c_w.l(libshutdown2.o)
    0x0800022c   0x00000000   Code   RO         2828    .ARM.Collect$$libshutdown$$00000006  c_w.l(libshutdown2.o)
    0x0800022c   0x00000000   Code   RO         2831    .ARM.Collect$$libshutdown$$00000009  c_w.l(libshutdown2.o)
    0x0800022c   0x00000000   Code   RO         2833    .ARM.Collect$$libshutdown$$0000000B  c_w.l(libshutdown2.o)
    0x0800022c   0x00000000   Code   RO         2836    .ARM.Collect$$libshutdown$$0000000E  c_w.l(libshutdown2.o)
    0x0800022c   0x00000002   Code   RO         2837    .ARM.Collect$$libshutdown$$0000000F  c_w.l(libshutdown2.o)
    0x0800022e   0x00000000   Code   RO         2647    .ARM.Collect$$rtentry$$00000000  c_w.l(__rtentry.o)
    0x0800022e   0x00000000   Code   RO         2667    .ARM.Collect$$rtentry$$00000002  c_w.l(__rtentry2.o)
    0x0800022e   0x00000006   Code   RO         2679    .ARM.Collect$$rtentry$$00000004  c_w.l(__rtentry4.o)
    0x08000234   0x00000000   Code   RO         2669    .ARM.Collect$$rtentry$$00000009  c_w.l(__rtentry2.o)
    0x08000234   0x00000004   Code   RO         2670    .ARM.Collect$$rtentry$$0000000A  c_w.l(__rtentry2.o)
    0x08000238   0x00000000   Code   RO         2672    .ARM.Collect$$rtentry$$0000000C  c_w.l(__rtentry2.o)
    0x08000238   0x00000008   Code   RO         2673    .ARM.Collect$$rtentry$$0000000D  c_w.l(__rtentry2.o)
    0x08000240   0x00000002   Code   RO         2788    .ARM.Collect$$rtexit$$00000000  c_w.l(rtexit.o)
    0x08000242   0x00000000   Code   RO         2795    .ARM.Collect$$rtexit$$00000002  c_w.l(rtexit2.o)
    0x08000242   0x00000004   Code   RO         2796    .ARM.Collect$$rtexit$$00000003  c_w.l(rtexit2.o)
    0x08000246   0x00000006   Code   RO         2797    .ARM.Collect$$rtexit$$00000004  c_w.l(rtexit2.o)
    0x0800024c   0x00000040   Code   RO         2544    .text               startup_stm32f40_41xxx.o
    0x0800028c   0x00000002   Code   RO         2591    .text               c_w.l(use_no_semi.o)
    0x0800028e   0x00000002   PAD
    0x08000290   0x00000018   Code   RO         2597    .text               c_w.l(noretval__2printf.o)
    0x080002a8   0x00000028   Code   RO         2599    .text               c_w.l(noretval__2sprintf.o)
    0x080002d0   0x00000052   Code   RO         2603    .text               c_w.l(_printf_str.o)
    0x08000322   0x00000002   PAD
    0x08000324   0x00000078   Code   RO         2605    .text               c_w.l(_printf_dec.o)
    0x0800039c   0x0000010e   Code   RO         2615    .text               c_w.l(__printf_wp.o)
    0x080004aa   0x00000024   Code   RO         2631    .text               c_w.l(strstr.o)
    0x080004ce   0x0000003e   Code   RO         2633    .text               c_w.l(strlen.o)
    0x0800050c   0x00000044   Code   RO         2635    .text               c_w.l(rt_memclr.o)
    0x08000550   0x0000004e   Code   RO         2637    .text               c_w.l(rt_memclr_w.o)
    0x0800059e   0x00000006   Code   RO         2639    .text               c_w.l(heapauxi.o)
    0x080005a4   0x000000b2   Code   RO         2648    .text               c_w.l(_printf_intcommon.o)
    0x08000656   0x0000041a   Code   RO         2650    .text               c_w.l(_printf_fp_dec.o)
    0x08000a70   0x00000030   Code   RO         2652    .text               c_w.l(_printf_char_common.o)
    0x08000aa0   0x0000000a   Code   RO         2654    .text               c_w.l(_sputc.o)
    0x08000aaa   0x0000002c   Code   RO         2656    .text               c_w.l(_printf_char.o)
    0x08000ad6   0x00000002   PAD
    0x08000ad8   0x00000024   Code   RO         2658    .text               c_w.l(_printf_char_file.o)
    0x08000afc   0x00000008   Code   RO         2684    .text               c_w.l(rt_locale_intlibspace.o)
    0x08000b04   0x0000008a   Code   RO         2686    .text               c_w.l(lludiv10.o)
    0x08000b8e   0x00000002   PAD
    0x08000b90   0x00000080   Code   RO         2688    .text               c_w.l(_printf_fp_infnan.o)
    0x08000c10   0x000000dc   Code   RO         2692    .text               c_w.l(bigflt0.o)
    0x08000cec   0x00000008   Code   RO         2717    .text               c_w.l(ferror.o)
    0x08000cf4   0x00000008   Code   RO         2728    .text               c_w.l(libspace.o)
    0x08000cfc   0x0000004a   Code   RO         2731    .text               c_w.l(sys_stackheap_outer.o)
    0x08000d46   0x0000000c   Code   RO         2733    .text               c_w.l(exit.o)
    0x08000d52   0x00000002   PAD
    0x08000d54   0x00000080   Code   RO         2735    .text               c_w.l(strcmpv7m.o)
    0x08000dd4   0x0000003e   Code   RO         2695    CL$$btod_d2e        c_w.l(btod.o)
    0x08000e12   0x00000046   Code   RO         2697    CL$$btod_d2e_denorm_low  c_w.l(btod.o)
    0x08000e58   0x00000060   Code   RO         2696    CL$$btod_d2e_norm_op1  c_w.l(btod.o)
    0x08000eb8   0x00000338   Code   RO         2705    CL$$btod_div_common  c_w.l(btod.o)
    0x080011f0   0x000000c6   Code   RO         2702    CL$$btod_e2e        c_w.l(btod.o)
    0x080012b6   0x00000028   Code   RO         2699    CL$$btod_ediv       c_w.l(btod.o)
    0x080012de   0x00000028   Code   RO         2698    CL$$btod_emul       c_w.l(btod.o)
    0x08001306   0x00000244   Code   RO         2704    CL$$btod_mult_common  c_w.l(btod.o)
    0x0800154a   0x00000014   Code   RO         1001    i.ADC_Cmd           stm32f4xx_adc.o
    0x0800155e   0x00000002   PAD
    0x08001560   0x0000002c   Code   RO         1002    i.ADC_CommonInit    stm32f4xx_adc.o
    0x0800158c   0x00000006   Code   RO         1013    i.ADC_GetConversionValue  stm32f4xx_adc.o
    0x08001592   0x0000000e   Code   RO         1014    i.ADC_GetFlagStatus  stm32f4xx_adc.o
    0x080015a0   0x0000004c   Code   RO         1021    i.ADC_Init          stm32f4xx_adc.o
    0x080015ec   0x00000074   Code   RO         1026    i.ADC_RegularChannelConfig  stm32f4xx_adc.o
    0x08001660   0x0000000a   Code   RO         1028    i.ADC_SoftwareStartConv  stm32f4xx_adc.o
    0x0800166a   0x00000002   PAD
    0x0800166c   0x00000074   Code   RO          619    i.Dht11_GetByte     dht11.o
    0x080016e0   0x00000048   Code   RO          620    i.Dht11_Pin_SetMode  dht11.o
    0x08001728   0x00000038   Code   RO          621    i.Dht11_ReadData    dht11.o
    0x08001760   0x00000090   Code   RO          622    i.Dht11_Start       dht11.o
    0x080017f0   0x00000030   Code   RO            4    i.Exit_PA0_Init     main.o
    0x08001820   0x00000030   Code   RO            5    i.Exit_PE2_PE3_PE4_Init  main.o
    0x08001850   0x000000a4   Code   RO          697    i.Fan_PWM_Init      fan.o
    0x080018f4   0x00000018   Code   RO          698    i.Fan_SetDuty       fan.o
    0x0800190c   0x00000078   Code   RO         1308    i.GPIO_Init         stm32f4xx_gpio.o
    0x08001984   0x00000020   Code   RO         1309    i.GPIO_PinAFConfig  stm32f4xx_gpio.o
    0x080019a4   0x0000000e   Code   RO         1312    i.GPIO_ReadInputDataBit  stm32f4xx_gpio.o
    0x080019b2   0x00000004   Code   RO         1315    i.GPIO_ResetBits    stm32f4xx_gpio.o
    0x080019b6   0x00000004   Code   RO         1316    i.GPIO_SetBits      stm32f4xx_gpio.o
    0x080019ba   0x00000002   PAD
    0x080019bc   0x000000b8   Code   RO          506    i.Get_Sr04_Value    sr04.o
    0x08001a74   0x00000074   Code   RO            6    i.Led_Init          main.o
    0x08001ae8   0x00000064   Code   RO          947    i.NVIC_Init         misc.o
    0x08001b4c   0x00000014   Code   RO          948    i.NVIC_PriorityGroupConfig  misc.o
    0x08001b60   0x0000003a   Code   RO          299    i.OLED_Clear        oled.o
    0x08001b9a   0x000000e8   Code   RO          303    i.OLED_Init         oled.o
    0x08001c82   0x0000002a   Code   RO          305    i.OLED_Set_Pos      oled.o
    0x08001cac   0x00000060   Code   RO          306    i.OLED_ShowCHinese  oled.o
    0x08001d0c   0x00000088   Code   RO          307    i.OLED_ShowChar     oled.o
    0x08001d94   0x0000006a   Code   RO          308    i.OLED_ShowNum      oled.o
    0x08001dfe   0x0000006e   Code   RO          310    i.OLED_ShowTest     oled.o
    0x08001e6c   0x0000000c   Code   RO          311    i.OLED_WR_Byte      oled.o
    0x08001e78   0x0000007c   Code   RO          730    i.Press_ADC_Init    tire.o
    0x08001ef4   0x00000024   Code   RO          731    i.Press_ADC_ReadRaw  tire.o
    0x08001f18   0x00000048   Code   RO          732    i.Press_GetTirePressure  tire.o
    0x08001f60   0x00000028   Code   RO          733    i.Press_GetVoltage  tire.o
    0x08001f88   0x00000094   Code   RO          479    i.Pwm_Steering_TIM9_CH1_PE5_Init  pwm.o
    0x0800201c   0x00000018   Code   RO         1409    i.RCC_AHB1PeriphClockCmd  stm32f4xx_rcc.o
    0x08002034   0x00000018   Code   RO         1418    i.RCC_APB1PeriphClockCmd  stm32f4xx_rcc.o
    0x0800204c   0x00000018   Code   RO         1421    i.RCC_APB2PeriphClockCmd  stm32f4xx_rcc.o
    0x08002064   0x00000090   Code   RO         1430    i.RCC_GetClocksFreq  stm32f4xx_rcc.o
    0x080020f4   0x0000005c   Code   RO            7    i.Server_180_Angle  main.o
    0x08002150   0x000000b4   Code   RO         2551    i.SetSysClock       system_stm32f4xx.o
    0x08002204   0x0000007c   Code   RO          507    i.Sr04_Init         sr04.o
    0x08002280   0x00000018   Code   RO          951    i.SysTick_CLKSourceConfig  misc.o
    0x08002298   0x0000005c   Code   RO         2553    i.SystemInit        system_stm32f4xx.o
    0x080022f4   0x00000050   Code   RO          914    i.TIM3_IRQHandler   tim.o
    0x08002344   0x00000014   Code   RO         1803    i.TIM_ARRPreloadConfig  stm32f4xx_tim.o
    0x08002358   0x00000006   Code   RO         1810    i.TIM_ClearITPendingBit  stm32f4xx_tim.o
    0x0800235e   0x00000014   Code   RO         1815    i.TIM_Cmd           stm32f4xx_tim.o
    0x08002372   0x00000018   Code   RO         1836    i.TIM_GetITStatus   stm32f4xx_tim.o
    0x0800238a   0x00000010   Code   RO         1840    i.TIM_ITConfig      stm32f4xx_tim.o
    0x0800239a   0x00000002   PAD
    0x0800239c   0x00000060   Code   RO         1844    i.TIM_OC1Init       stm32f4xx_tim.o
    0x080023fc   0x0000000c   Code   RO         1847    i.TIM_OC1PreloadConfig  stm32f4xx_tim.o
    0x08002408   0x00000004   Code   RO         1877    i.TIM_SetCompare1   stm32f4xx_tim.o
    0x0800240c   0x0000007c   Code   RO         1887    i.TIM_TimeBaseInit  stm32f4xx_tim.o
    0x08002488   0x00000048   Code   RO          539    i.USART1_IRQHandler  usart.o
    0x080024d0   0x00000070   Code   RO          540    i.USART3_IRQHandler  usart.o
    0x08002540   0x0000000c   Code   RO         2353    i.USART_ClearITPendingBit  stm32f4xx_usart.o
    0x0800254c   0x00000014   Code   RO         2356    i.USART_Cmd         stm32f4xx_usart.o
    0x08002560   0x0000000e   Code   RO         2359    i.USART_GetFlagStatus  stm32f4xx_usart.o
    0x0800256e   0x0000003e   Code   RO         2360    i.USART_GetITStatus  stm32f4xx_usart.o
    0x080025ac   0x00000030   Code   RO         2362    i.USART_ITConfig    stm32f4xx_usart.o
    0x080025dc   0x000000ac   Code   RO         2363    i.USART_Init        stm32f4xx_usart.o
    0x08002688   0x00000008   Code   RO         2370    i.USART_ReceiveData  stm32f4xx_usart.o
    0x08002690   0x00000008   Code   RO         2373    i.USART_SendData    stm32f4xx_usart.o
    0x08002698   0x0000002e   Code   RO          313    i.Write_IIC_Command  oled.o
    0x080026c6   0x0000002e   Code   RO          314    i.Write_IIC_Data    oled.o
    0x080026f4   0x00000030   Code   RO         2726    i.__ARM_fpclassify  m_wm.l(fpclassify.o)
    0x08002724   0x0000000e   Code   RO         2617    i._is_digit         c_w.l(__printf_wp.o)
    0x08002732   0x00000002   Code   RO          541    i._sys_exit         usart.o
    0x08002734   0x00000024   Code   RO          183    i.delay_init        delay.o
    0x08002758   0x0000003c   Code   RO          184    i.delay_ms          delay.o
    0x08002794   0x0000001c   Code   RO          185    i.delay_s           delay.o
    0x080027b0   0x0000003c   Code   RO          186    i.delay_us          delay.o
    0x080027ec   0x000000a4   Code   RO          778    i.esp8266_connect_ap  esp8266.o
    0x08002890   0x0000002c   Code   RO          782    i.esp8266_disconnect_ap  esp8266.o
    0x080028bc   0x00000030   Code   RO          783    i.esp8266_disconnect_server  esp8266.o
    0x080028ec   0x0000006c   Code   RO          785    i.esp8266_entry_transparent_transmission  esp8266.o
    0x08002958   0x00000034   Code   RO          786    i.esp8266_exit_transparent_transmission  esp8266.o
    0x0800298c   0x00000048   Code   RO          787    i.esp8266_find_str_in_rx_packet  esp8266.o
    0x080029d4   0x00000012   Code   RO          788    i.esp8266_init      esp8266.o
    0x080029e6   0x00000002   PAD
    0x080029e8   0x00000024   Code   RO          790    i.esp8266_self_test  esp8266.o
    0x08002a0c   0x00000028   Code   RO          791    i.esp8266_send_at   esp8266.o
    0x08002a34   0x00000028   Code   RO          793    i.esp8266_send_str  esp8266.o
    0x08002a5c   0x00000024   Code   RO          542    i.fputc             usart.o
    0x08002a80   0x00000034   Code   RO          316    i.get_chinese_index  oled.o
    0x08002ab4   0x00000048   Code   RO          228    i.iic_init          iic.o
    0x08002afc   0x0000003c   Code   RO          229    i.iic_recv_ack      iic.o
    0x08002b38   0x00000030   Code   RO          231    i.iic_sda_mode      iic.o
    0x08002b68   0x00000054   Code   RO          233    i.iic_send_byte     iic.o
    0x08002bbc   0x00000030   Code   RO          234    i.iic_start         iic.o
    0x08002bec   0x00000030   Code   RO          235    i.iic_stop          iic.o
    0x08002c1c   0x00000018   Code   RO          317    i.is_chinese_char_gb2312  oled.o
    0x08002c34   0x0000000c   Code   RO          318    i.is_english_char   oled.o
    0x08002c40   0x000003a0   Code   RO            8    i.main              main.o
    0x08002fe0   0x00000050   Code   RO            9    i.net_connect_server  main.o
    0x08003030   0x0000000e   Code   RO           10    i.net_disconnect_server  main.o
    0x0800303e   0x00000002   PAD
    0x08003040   0x000000dc   Code   RO           11    i.net_init          main.o
    0x0800311c   0x00000010   Code   RO          319    i.oled_pow          oled.o
    0x0800312c   0x00000228   Code   RO           12    i.sr04_oled_tire    main.o
    0x08003354   0x00000060   Code   RO          915    i.tim3_init         tim.o
    0x080033b4   0x0000009c   Code   RO          543    i.usart1_init       usart.o
    0x08003450   0x0000009c   Code   RO          544    i.usart3_init       usart.o
    0x080034ec   0x00000028   Code   RO          546    i.usart3_send_str   usart.o
    0x08003514   0x0000002c   Code   RO         2722    locale$$code        c_w.l(lc_numeric_c.o)
    0x08003540   0x0000000c   Code   RO         2661    x$fpl$dretinf       fz_wm.l(dretinf.o)
    0x0800354c   0x00000056   Code   RO         2643    x$fpl$f2d           fz_wm.l(f2d.o)
    0x080035a2   0x0000008c   Code   RO         2663    x$fpl$fnaninf       fz_wm.l(fnaninf.o)
    0x0800362e   0x0000000a   Code   RO         2792    x$fpl$fpinit        fz_wm.l(fpinit.o)
    0x08003638   0x00000004   Code   RO         2645    x$fpl$printf1       fz_wm.l(printf1.o)
    0x0800363c   0x00000000   Code   RO         2665    x$fpl$usenofp       fz_wm.l(usenofp.o)
    0x0800363c   0x00000818   Data   RO          320    .constdata          oled.o
    0x08003e54   0x00000094   Data   RO         2693    .constdata          c_w.l(bigflt0.o)
    0x08003ee8   0x00000020   Data   RO         2862    Region$$Table       anon$$obj.o
    0x08003f08   0x0000001c   Data   RO         2721    locale$$data        c_w.l(lc_numeric_c.o)


    Execution Region RW_IRAM1 (Base: 0x20000000, Size: 0x00001748, Max: 0x00020000, ABSOLUTE)

    Base Addr    Size         Type   Attr      Idx    E Section Name        Object

    0x20000000   0x00000005   Data   RW           13    .data               main.o
    0x20000005   0x00000003   PAD
    0x20000008   0x00000008   Data   RW          187    .data               delay.o
    0x20000010   0x00000088   Data   RW          321    .data               oled.o
    0x20000098   0x0000000c   Data   RW          548    .data               usart.o
    0x200000a4   0x00000004   Data   RW          549    .data               usart.o
    0x200000a8   0x0000000c   Data   RW          795    .data               esp8266.o
    0x200000b4   0x00000008   Data   RW          917    .data               tim.o
    0x200000bc   0x00000010   Data   RW         1461    .data               stm32f4xx_rcc.o
    0x200000cc   0x00000010   Zero   RW          547    .bss                usart.o
    0x200000dc   0x00001000   Zero   RW          794    .bss                esp8266.o
    0x200010dc   0x0000000c   Zero   RW          916    .bss                tim.o
    0x200010e8   0x00000060   Zero   RW         2729    .bss                c_w.l(libspace.o)
    0x20001148   0x00000200   Zero   RW         2542    HEAP                startup_stm32f40_41xxx.o
    0x20001348   0x00000400   Zero   RW         2541    STACK               startup_stm32f40_41xxx.o


==============================================================================

Image component sizes


      Code (inc. data)   RO Data    RW Data    ZI Data      Debug   Object Name

       184         18          0          8          0       2263   delay.o
       388         22          0          0          0       2615   dht11.o
       622        208          0         12       4096       6754   esp8266.o
       188         16          0          0          0       1185   fan.o
       360         32          0          0          0       3412   iic.o
      2098        788          0          5          0     319763   main.o
       144         14          0          0          0       2297   misc.o
       988         18       2072        136          0       9808   oled.o
       148          8          0          0          0        713   pwm.o
       308         26          0          0          0       1361   sr04.o
        64         26        392          0       1536        872   startup_stm32f40_41xxx.o
       286         20          0          0          0       5742   stm32f4xx_adc.o
       174          0          0          0          0       3655   stm32f4xx_gpio.o
       216         30          0         16          0       4887   stm32f4xx_rcc.o
       322         36          0          0          0       7375   stm32f4xx_tim.o
       344          8          0          0          0       6179   stm32f4xx_usart.o
       272         36          0          0          0       1721   system_stm32f4xx.o
       176         30          0          8         12       1330   tim.o
       272         40          0          0          0       2866   tire.o
       574         74          0         16         16       5880   usart.o

    ----------------------------------------------------------------------
      8140       1450       2496        204       5660     390678   Object Totals
         0          0         32          0          0          0   (incl. Generated)
        12          0          0          3          0          0   (incl. Padding)

    ----------------------------------------------------------------------

      Code (inc. data)   RO Data    RW Data    ZI Data      Debug   Library Member Name

         8          0          0          0          0         68   __main.o
       284          0          0          0          0        156   __printf_wp.o
         0          0          0          0          0          0   __rtentry.o
        12          0          0          0          0          0   __rtentry2.o
         6          0          0          0          0          0   __rtentry4.o
        52          8          0          0          0          0   __scatter.o
        26          0          0          0          0          0   __scatter_copy.o
        28          0          0          0          0          0   __scatter_zi.o
        44          0          0          0          0        108   _printf_char.o
        48          6          0          0          0         96   _printf_char_common.o
        36          4          0          0          0         80   _printf_char_file.o
         6          0          0          0          0          0   _printf_d.o
       120         16          0          0          0         92   _printf_dec.o
         6          0          0          0          0          0   _printf_f.o
      1050          0          0          0          0        216   _printf_fp_dec.o
       128         16          0          0          0         84   _printf_fp_infnan.o
       178          0          0          0          0         88   _printf_intcommon.o
         0          0          0          0          0          0   _printf_percent.o
         4          0          0          0          0          0   _printf_percent_end.o
         6          0          0          0          0          0   _printf_s.o
        82          0          0          0          0         80   _printf_str.o
        10          0          0          0          0         68   _sputc.o
       220          4        148          0          0         96   bigflt0.o
      1910        128          0          0          0        672   btod.o
        12          0          0          0          0         72   exit.o
         8          0          0          0          0         68   ferror.o
         6          0          0          0          0        152   heapauxi.o
        44         10         28          0          0         76   lc_numeric_c.o
         2          0          0          0          0          0   libinit.o
        22          0          0          0          0          0   libinit2.o
         2          0          0          0          0          0   libshutdown.o
         2          0          0          0          0          0   libshutdown2.o
         8          4          0          0         96         68   libspace.o
       138          0          0          0          0         80   lludiv10.o
        24          4          0          0          0         84   noretval__2printf.o
        40          6          0          0          0         84   noretval__2sprintf.o
         8          4          0          0          0         68   rt_locale_intlibspace.o
        68          0          0          0          0         68   rt_memclr.o
        78          0          0          0          0         80   rt_memclr_w.o
         2          0          0          0          0          0   rtexit.o
        10          0          0          0          0          0   rtexit2.o
       128          0          0          0          0         68   strcmpv7m.o
        62          0          0          0          0         76   strlen.o
        36          0          0          0          0         80   strstr.o
        74          0          0          0          0         80   sys_stackheap_outer.o
         2          0          0          0          0         68   use_no_semi.o
        12          0          0          0          0        116   dretinf.o
        86          4          0          0          0        132   f2d.o
       140          4          0          0          0        132   fnaninf.o
        10          0          0          0          0        116   fpinit.o
         4          0          0          0          0        116   printf1.o
         0          0          0          0          0          0   usenofp.o
        48          0          0          0          0        124   fpclassify.o

    ----------------------------------------------------------------------
      5352        218        176          0         96       3912   Library Totals
        12          0          0          0          0          0   (incl. Padding)

    ----------------------------------------------------------------------

      Code (inc. data)   RO Data    RW Data    ZI Data      Debug   Library Name

      5040        210        176          0         96       3176   c_w.l
       252          8          0          0          0        612   fz_wm.l
        48          0          0          0          0        124   m_wm.l

    ----------------------------------------------------------------------
      5352        218        176          0         96       3912   Library Totals

    ----------------------------------------------------------------------

==============================================================================


      Code (inc. data)   RO Data    RW Data    ZI Data      Debug   

     13492       1668       2672        204       5756     382622   Grand Totals
     13492       1668       2672        204       5756     382622   ELF Image Totals
     13492       1668       2672        204          0          0   ROM Totals

==============================================================================

    Total RO  Size (Code + RO Data)                16164 (  15.79kB)
    Total RW  Size (RW Data + ZI Data)              5960 (   5.82kB)
    Total ROM Size (Code + RO Data + RW Data)      16368 (  15.98kB)

==============================================================================

